<html>
<body>
<pre>
<h1>µVision Build Log</h1>
<h2>Project:</h2>
D:\Documents\GitHub\GPS-Tracking-System\GPS-Tracking-System.uvproj
Project File Date:  05/09/2024

<h2>Output:</h2>
Build target 'Target 1'
compiling Main.c...
src\APP\../../Headers/HAL/GPS/GPS.h(18): warning:  #1-D: last line of file ends without a newline
  #endif
src\APP\Main.c: 1 warning, 0 errors
linking...
Program Size: Code=18148 RO-data=1300 RW-data=64 ZI-data=2432  
".\GPS-Tracking-System.axf" - 0 Error(s), 1 Warning(s).
init();
src\APP\Main.c(51): warning:  #223-D: function "delay_m" declared implicitly
      delay_m(3000);
src\APP\Main.c: 3 warnings, 0 errors
compiling UART.c...
compiling GPIO.c...
src\MCAL\GPIO\GPIO.c(91): warning:  #186-D: pointless comparison of unsigned integer with zero
        if(((Port_ID>='A' && Port_ID<='F')||(Port_ID>='a' && Port_ID<='f'))&&((Pin_Number>=0)&&(Pin_Number<=7))&&((Pin_Value==0)||(Pin_Value==1)))
src\MCAL\GPIO\GPIO.c(133): warning:  #186-D: pointless comparison of unsigned integer with zero
                        if((Pin_Number>=0)&&(Pin_Number<=5)){
src\MCAL\GPIO\GPIO.c(146): warning:  #186-D: pointless comparison of unsigned integer with zero
                        if((Pin_Number>=0)&&(Pin_Number<=4)){
src\MCAL\GPIO\GPIO.c(215): warning:  #186-D: pointless comparison of unsigned integer with zero
                if(((port_name>='A' && port_name<='F')||(port_name>='a' && port_name<='f'))&&((pin_number>=0)&&(pin_number<=7))&&((pin_direction==0)||(pin_direction==1)))
src\MCAL\GPIO\GPIO.c(249): warning:  #186-D: pointless comparison of unsigned integer with zero
                        if((pin_number>=0)&&(pin_number<=5)){
src\MCAL\GPIO\GPIO.c(261): warning:  #186-D: pointless comparison of unsigned integer with zero
                        if((pin_number>=0)&&(pin_number<=4)){
src\MCAL\GPIO\GPIO.c: 6 warnings, 0 errors
compiling Systick.c...
compiling GPS.c...
src\HAL\GPS\../../../Headers/HAL/GPS/GPS.h(18): warning:  #1-D: last line of file ends without a newline
  #endif
src\HAL\GPS\GPS.c: 1 warning, 0 errors
compiling LED.c...
compiling Push button.c...
compiling LCD.c...
src\HAL\LCD\LCD.c(125): warning:  #186-D: pointless comparison of unsigned integer with zero
      if((copy_u8XPos== 0 || copy_u8XPos== 1) && (copy_u8YPos >= 0 && copy_u8YPos<=15))
src\HAL\LCD\LCD.c: 1 warning, 0 errors
compiling APP.c...
src\APP\../../Headers/HAL/GPS/GPS.h(18): warning:  #1-D: last line of file ends without a newline
  #endif
src\APP\APP.c(18): warning:  #1035-D: single-precision operand implicitly converted to double-precision
  return angle*M_PI/180;
src\APP\APP.c: 2 warnings, 0 errors
compiling EEPROM.c...
linking...
.\GPS-Tracking-System.axf: Error: L6218E: Undefined symbol SYSTICKTIMER_init (referred from main.o).
.\GPS-Tracking-System.axf: Error: L6218E: Undefined symbol delay_m (referred from main.o).
Not enough information to list image symbols.
Finished: 1 information, 0 warning and 2 error messages.
".\GPS-Tracking-System.axf" - 2 Error(s), 13 Warning(s).
Target not created
