ARM Linker, 5.03 [Build 76] [MDK-ARM Lite]

==============================================================================

Section Cross References

    startup_tm4c123.o(STACK) refers (Special) to heapauxi.o(.text) for __use_two_region_memory
    startup_tm4c123.o(HEAP) refers (Special) to heapauxi.o(.text) for __use_two_region_memory
    startup_tm4c123.o(RESET) refers (Special) to heapauxi.o(.text) for __use_two_region_memory
    startup_tm4c123.o(RESET) refers to startup_tm4c123.o(STACK) for __initial_sp
    startup_tm4c123.o(RESET) refers to startup_tm4c123.o(.text) for Reset_Handler
    startup_tm4c123.o(.text) refers (Special) to heapauxi.o(.text) for __use_two_region_memory
    startup_tm4c123.o(.text) refers to __main.o(!!!main) for __main
    startup_tm4c123.o(.text) refers to startup_tm4c123.o(HEAP) for Heap_Mem
    startup_tm4c123.o(.text) refers to startup_tm4c123.o(STACK) for Stack_Mem
    system_tm4c123.o(.text) refers to system_tm4c123.o(.data) for SystemCoreClock
    main.o(.text) refers to gpio.o(.text) for PortF_Init
    main.o(.text) refers to uart.o(.text) for UART2_Init
    main.o(.text) refers to push button.o(.text) for Button_Init
    main.o(.text) refers to led.o(.text) for LEDInit
    main.o(.text) refers to gps.o(.text) for GPS_voidReceiveSentence
    main.o(.text) refers to lcd.o(.text) for LCD_voidSendString
    main.o(.text) refers to app.o(.text) for Distance
    main.o(.text) refers to eeprom.o(.text) for eeprom_write
    main.o(.text) refers to strcmpv7m.o(.text) for strcmp
    main.o(.text) refers to rt_memclr_w.o(.text) for __aeabi_memclr4
    main.o(.text) refers to main.o(.data) for longStart
    gps.o(.text) refers to atof.o(i.__hardfp_atof) for __hardfp_atof
    gps.o(.text) refers to d2f.o(x$fpl$d2f) for __aeabi_d2f
    gps.o(.text) refers to f2d.o(x$fpl$f2d) for __aeabi_f2d
    gps.o(.text) refers to ddiv.o(x$fpl$ddiv) for __aeabi_ddiv
    gps.o(.text) refers to dfixu.o(x$fpl$dfixu) for __aeabi_d2uiz
    gps.o(.text) refers to uart.o(.text) for UART2_Init
    gps.o(.text) refers to main.o(.data) for GPS_u8SpeedArr
    gps.o(.text) refers to gps.o(.data) for Local_u8UART_InitFlag
    lcd.o(.text) refers to _printf_percent.o(.ARM.Collect$$_printf_percent$$00000000) for _printf_percent
    lcd.o(.text) refers to _printf_f.o(.ARM.Collect$$_printf_percent$$00000003) for _printf_f
    lcd.o(.text) refers to printf1.o(x$fpl$printf1) for _printf_fp_dec
    lcd.o(.text) refers to gpio.o(.text) for Set_vPinValue
    lcd.o(.text) refers to systick.o(.text) for Systick_Wait
    lcd.o(.text) refers to f2d.o(x$fpl$f2d) for __aeabi_f2d
    lcd.o(.text) refers to __2sprintf.o(.text) for __2sprintf
    lcd.o(.text) refers to rt_memclr_w.o(.text) for __aeabi_memclr4
    app.o(.text) refers to f2d.o(x$fpl$f2d) for __aeabi_f2d
    app.o(.text) refers to dmul.o(x$fpl$dmul) for __aeabi_dmul
    app.o(.text) refers to ddiv.o(x$fpl$ddiv) for __aeabi_ddiv
    app.o(.text) refers to d2f.o(x$fpl$d2f) for __aeabi_d2f
    app.o(.text) refers to sin.o(i.__hardfp_sin) for __hardfp_sin
    app.o(.text) refers to pow.o(i.__hardfp_pow) for __hardfp_pow
    app.o(.text) refers to cos.o(i.__hardfp_cos) for __hardfp_cos
    app.o(.text) refers to daddsub_clz.o(x$fpl$dadd) for __aeabi_dadd
    app.o(.text) refers to sqrt.o(i.__hardfp_sqrt) for __hardfp_sqrt
    app.o(.text) refers to atan2.o(i.__hardfp_atan2) for __hardfp_atan2
    eeprom.o(.text) refers to systick.o(.text) for delay
    __2sprintf.o(.text) refers to _printf_char_common.o(.text) for _printf_char_common
    __2sprintf.o(.text) refers to _sputc.o(.text) for _sputc
    noretval__2sprintf.o(.text) refers to _printf_char_common.o(.text) for _printf_char_common
    noretval__2sprintf.o(.text) refers to _sputc.o(.text) for _sputc
    __printf.o(.text) refers to _printf_percent.o(.ARM.Collect$$_printf_percent$$00000000) for _printf_percent
    __printf_flags.o(.text) refers to _printf_percent.o(.ARM.Collect$$_printf_percent$$00000000) for _printf_percent
    __printf_flags.o(.text) refers to __printf_flags.o(.constdata) for .constdata
    __printf_ss.o(.text) refers to _printf_percent.o(.ARM.Collect$$_printf_percent$$00000000) for _printf_percent
    __printf_flags_ss.o(.text) refers to _printf_percent.o(.ARM.Collect$$_printf_percent$$00000000) for _printf_percent
    __printf_flags_ss.o(.text) refers to __printf_flags_ss.o(.constdata) for .constdata
    __printf_wp.o(.text) refers to __printf_wp.o(i._is_digit) for _is_digit
    __printf_wp.o(.text) refers to _printf_percent.o(.ARM.Collect$$_printf_percent$$00000000) for _printf_percent
    __printf_flags_wp.o(.text) refers to __printf_wp.o(i._is_digit) for _is_digit
    __printf_flags_wp.o(.text) refers to _printf_percent.o(.ARM.Collect$$_printf_percent$$00000000) for _printf_percent
    __printf_flags_wp.o(.text) refers to __printf_flags_wp.o(.constdata) for .constdata
    __printf_ss_wp.o(.text) refers to __printf_wp.o(i._is_digit) for _is_digit
[...]
    ../mathlib/ldexp.c                       0x00000000   Number         0  ldexp_x.o ABSOLUTE
    ../mathlib/narrow.c                      0x00000000   Number         0  narrow.o ABSOLUTE
    ../mathlib/poly.c                        0x00000000   Number         0  poly.o ABSOLUTE
    ../mathlib/pow.c                         0x00000000   Number         0  pow_x.o ABSOLUTE
    ../mathlib/pow.c                         0x00000000   Number         0  pow.o ABSOLUTE
    ../mathlib/qnan.c                        0x00000000   Number         0  qnan.o ABSOLUTE
    ../mathlib/rred.c                        0x00000000   Number         0  rred.o ABSOLUTE
    ../mathlib/sin.c                         0x00000000   Number         0  sin_x.o ABSOLUTE
    ../mathlib/sin.c                         0x00000000   Number         0  sin.o ABSOLUTE
    ../mathlib/sin_i.c                       0x00000000   Number         0  sin_i_x.o ABSOLUTE
    ../mathlib/sin_i.c                       0x00000000   Number         0  sin_i.o ABSOLUTE
    ../mathlib/sqrt.c                        0x00000000   Number         0  sqrt.o ABSOLUTE
    ../mathlib/sqrt.c                        0x00000000   Number         0  sqrt_x.o ABSOLUTE
    dc.s                                     0x00000000   Number         0  dc.o ABSOLUTE
    src\APP\APP.c                            0x00000000   Number         0  app.o ABSOLUTE
    src\APP\Main.c                           0x00000000   Number         0  main.o ABSOLUTE
    src\HAL\GPS\GPS.c                        0x00000000   Number         0  gps.o ABSOLUTE
    src\HAL\LCD\LCD.c                        0x00000000   Number         0  lcd.o ABSOLUTE
    src\HAL\LED\LED.c                        0x00000000   Number         0  led.o ABSOLUTE
    src\HAL\Push Button\Push button.c        0x00000000   Number         0  push button.o ABSOLUTE
    src\MCAL\EEPROM\EEPROM.c                 0x00000000   Number         0  eeprom.o ABSOLUTE
    src\MCAL\GPIO\GPIO.c                     0x00000000   Number         0  gpio.o ABSOLUTE
    src\MCAL\SYSTICK\Systick.c               0x00000000   Number         0  systick.o ABSOLUTE
    src\MCAL\UART\UART.c                     0x00000000   Number         0  uart.o ABSOLUTE
    startup_TM4C123.s                        0x00000000   Number         0  startup_tm4c123.o ABSOLUTE
    system_TM4C123.c                         0x00000000   Number         0  system_tm4c123.o ABSOLUTE
    system_TM4C123.c                         0x00000000   Number         0  system_tm4c123.o ABSOLUTE
    !!!main                                  0x0000026c   Section        8  __main.o(!!!main)
    !!!scatter                               0x00000274   Section       52  __scatter.o(!!!scatter)
    !!handler_copy                           0x000002a8   Section       26  __scatter_copy.o(!!handler_copy)
    !!handler_zi                             0x000002c4   Section       28  __scatter_zi.o(!!handler_zi)
    .ARM.Collect$$_printf_percent$$00000000  0x000002e0   Section        0  _printf_percent.o(.ARM.Collect$$_printf_percent$$00000000)
    .ARM.Collect$$_printf_percent$$00000003  0x000002e0   Section        6  _printf_f.o(.ARM.Collect$$_printf_percent$$00000003)
    .ARM.Collect$$_printf_percent$$00000017  0x000002e6   Section        4  _printf_percent_end.o(.ARM.Collect$$_printf_percent$$00000017)
    .ARM.Collect$$libinit$$00000000          0x000002ea   Section        2  libinit.o(.ARM.Collect$$libinit$$00000000)
    .ARM.Collect$$libinit$$00000001          0x000002ec   Section        4  libinit2.o(.ARM.Collect$$libinit$$00000001)
    .ARM.Collect$$libinit$$00000008          0x000002f0   Section        0  libinit2.o(.ARM.Collect$$libinit$$00000008)
    .ARM.Collect$$libinit$$0000000A          0x000002f0   Section        0  libinit2.o(.ARM.Collect$$libinit$$0000000A)
    .ARM.Collect$$libinit$$0000000C          0x000002f0   Section        0  libinit2.o(.ARM.Collect$$libinit$$0000000C)
    .ARM.Collect$$libinit$$0000000D          0x000002f0   Section        6  libinit2.o(.ARM.Collect$$libinit$$0000000D)
    .ARM.Collect$$libinit$$0000000F          0x000002f6   Section        0  libinit2.o(.ARM.Collect$$libinit$$0000000F)
    .ARM.Collect$$libinit$$00000010          0x000002f6   Section       12  libinit2.o(.ARM.Collect$$libinit$$00000010)
    .ARM.Collect$$libinit$$00000011          0x00000302   Section        0  libinit2.o(.ARM.Collect$$libinit$$00000011)
    .ARM.Collect$$libinit$$00000013          0x00000302   Section        0  libinit2.o(.ARM.Collect$$libinit$$00000013)
    .ARM.Collect$$libinit$$00000014          0x00000302   Section       10  libinit2.o(.ARM.Collect$$libinit$$00000014)
    .ARM.Collect$$libinit$$00000015          0x0000030c   Section        0  libinit2.o(.ARM.Collect$$libinit$$00000015)
    .ARM.Collect$$libinit$$00000017          0x0000030c   Section        0  libinit2.o(.ARM.Collect$$libinit$$00000017)
    .ARM.Collect$$libinit$$00000019          0x0000030c   Section        0  libinit2.o(.ARM.Collect$$libinit$$00000019)
    .ARM.Collect$$libinit$$0000001B          0x0000030c   Section        0  libinit2.o(.ARM.Collect$$libinit$$0000001B)
    .ARM.Collect$$libinit$$0000001D          0x0000030c   Section        0  libinit2.o(.ARM.Collect$$libinit$$0000001D)
    .ARM.Collect$$libinit$$0000001F          0x0000030c   Section        0  libinit2.o(.ARM.Collect$$libinit$$0000001F)
    .ARM.Collect$$libinit$$00000021          0x0000030c   Section        0  libinit2.o(.ARM.Collect$$libinit$$00000021)
    .ARM.Collect$$libinit$$00000023          0x0000030c   Section        0  libinit2.o(.ARM.Collect$$libinit$$00000023)
    .ARM.Collect$$libinit$$0000002A          0x0000030c   Section        0  libinit2.o(.ARM.Collect$$libinit$$0000002A)
    .ARM.Collect$$libinit$$0000002C          0x0000030c   Section        0  libinit2.o(.ARM.Collect$$libinit$$0000002C)
    .ARM.Collect$$libinit$$0000002E          0x0000030c   Section        0  libinit2.o(.ARM.Collect$$libinit$$0000002E)
    .ARM.Collect$$libinit$$00000030          0x0000030c   Section        0  libinit2.o(.ARM.Collect$$libinit$$00000030)
    .ARM.Collect$$libinit$$00000031          0x0000030c   Section        2  libinit2.o(.ARM.Collect$$libinit$$00000031)
    .ARM.Collect$$libshutdown$$00000000      0x0000030e   Section        2  libshutdown.o(.ARM.Collect$$libshutdown$$00000000)
    .ARM.Collect$$libshutdown$$00000003      0x00000310   Section        0  libshutdown2.o(.ARM.Collect$$libshutdown$$00000003)
    .ARM.Collect$$libshutdown$$00000006      0x00000310   Section        0  libshutdown2.o(.ARM.Collect$$libshutdown$$00000006)
    .ARM.Collect$$libshutdown$$00000009      0x00000310   Section        0  libshutdown2.o(.ARM.Collect$$libshutdown$$00000009)
    .ARM.Collect$$libshutdown$$0000000B      0x00000310   Section        0  libshutdown2.o(.ARM.Collect$$libshutdown$$0000000B)
    .ARM.Collect$$libshutdown$$0000000E      0x00000310   Section        0  libshutdown2.o(.ARM.Collect$$libshutdown$$0000000E)
    .ARM.Collect$$libshutdown$$0000000F      0x00000310   Section        2  libshutdown2.o(.ARM.Collect$$libshutdown$$0000000F)
    .ARM.Collect$$rtentry$$00000000          0x00000312   Section        0  rtentry.o(.ARM.Collect$$rtentry$$00000000)
    .ARM.Collect$$rtentry$$00000002          0x00000312   Section        0  rtentry2.o(.ARM.Collect$$rtentry$$00000002)
    .ARM.Collect$$rtentry$$00000004          0x00000312   Section        6  rtentry4.o(.ARM.Collect$$rtentry$$00000004)
    .ARM.Collect$$rtentry$$00000009          0x00000318   Section        0  rtentry2.o(.ARM.Collect$$rtentry$$00000009)
    .ARM.Collect$$rtentry$$0000000A          0x00000318   Section        4  rtentry2.o(.ARM.Collect$$rtentry$$0000000A)
    .ARM.Collect$$rtentry$$0000000C          0x0000031c   Section        0  rtentry2.o(.ARM.Collect$$rtentry$$0000000C)
    .ARM.Collect$$rtentry$$0000000D          0x0000031c   Section        8  rtentry2.o(.ARM.Collect$$rtentry$$0000000D)
    .ARM.Collect$$rtexit$$00000000           0x00000324   Section        2  rtexit.o(.ARM.Collect$$rtexit$$00000000)
    .ARM.Collect$$rtexit$$00000002           0x00000326   Section        0  rtexit2.o(.ARM.Collect$$rtexit$$00000002)
    .ARM.Collect$$rtexit$$00000003           0x00000326   Section        4  rtexit2.o(.ARM.Collect$$rtexit$$00000003)
    .ARM.Collect$$rtexit$$00000004           0x0000032a   Section        6  rtexit2.o(.ARM.Collect$$rtexit$$00000004)
    .text                                    0x00000330   Section      268  startup_tm4c123.o(.text)
    $v0                                      0x00000330   Number         0  startup_tm4c123.o(.text)
    .text                                    0x0000043c   Section        0  main.o(.text)
    .text                                    0x000006a8   Section        0  uart.o(.text)
    .text                                    0x000008ac   Section        0  gpio.o(.text)
    .text                                    0x00000f04   Section        0  systick.o(.text)
    .text                                    0x00000f58   Section        0  gps.o(.text)
    .text                                    0x000011ec   Section        0  led.o(.text)
    .text                                    0x000012a0   Section        0  push button.o(.text)
    .text                                    0x000012ec   Section        0  lcd.o(.text)
    .text                                    0x0000146c   Section        0  app.o(.text)
    .text                                    0x0000175c   Section        0  eeprom.o(.text)
    .text                                    0x00001854   Section        0  __2sprintf.o(.text)
    .text                                    0x00001880   Section        0  __printf.o(.text)
    .text                                    0x000018e8   Section       78  rt_memclr_w.o(.text)
    .text                                    0x00001938   Section      128  strcmpv7m.o(.text)
    .text                                    0x000019b8   Section        0  heapauxi.o(.text)
    .text                                    0x000019be   Section        0  _rserrno.o(.text)
    .text                                    0x000019d4   Section        0  _printf_fp_dec.o(.text)
    _fp_digits                               0x000019d7   Thumb Code   426  _printf_fp_dec.o(.text)
    .text                                    0x00001df4   Section        0  _printf_char_common.o(.text)
    _printf_input_char                       0x00001df5   Thumb Code    10  _printf_char_common.o(.text)
    .text                                    0x00001e24   Section        0  _sputc.o(.text)
    .text                                    0x00001e30   Section        0  strtod.o(.text)
    _local_sscanf                            0x00001e31   Thumb Code    60  strtod.o(.text)
    .text                                    0x00001ed0   Section        8  rt_locale_intlibspace.o(.text)
    .text                                    0x00001ed8   Section        8  rt_errno_addr_intlibspace.o(.text)
    .text                                    0x00001ee0   Section      138  lludiv10.o(.text)
    .text                                    0x00001f6a   Section        0  isspace.o(.text)
    .text                                    0x00001f7c   Section        0  _printf_fp_infnan.o(.text)
    .text                                    0x00001ffc   Section        0  _sgetc.o(.text)
    .text                                    0x0000203c   Section        0  bigflt0.o(.text)
    .text                                    0x00002120   Section        8  libspace.o(.text)
    .text                                    0x00002128   Section       74  sys_stackheap_outer.o(.text)
    .text                                    0x00002174   Section       16  rt_ctype_table.o(.text)
    .text                                    0x00002184   Section        0  scanf_fp.o(.text)
    _fp_value                                0x00002185   Thumb Code   504  scanf_fp.o(.text)
    .text                                    0x00002628   Section        0  exit.o(.text)
    .text                                    0x00002634   Section        0  scanf_hexfp.o(.text)
    .text                                    0x00002948   Section        0  scanf_infnan.o(.text)
    .text                                    0x00002a84   Section        0  sys_exit.o(.text)
    .text                                    0x00002a90   Section       38  llshl.o(.text)
    .text                                    0x00002ab6   Section        0  _chval.o(.text)
    .text                                    0x00002ad2   Section        2  use_no_semi.o(.text)
    .text                                    0x00002ad4   Section        0  indicate_semi.o(.text)
    CL$$btod_d2e                             0x00002ad4   Section       62  btod.o(CL$$btod_d2e)
    CL$$btod_d2e_denorm_low                  0x00002b12   Section       70  btod.o(CL$$btod_d2e_denorm_low)
    CL$$btod_d2e_norm_op1                    0x00002b58   Section       96  btod.o(CL$$btod_d2e_norm_op1)
    CL$$btod_div_common                      0x00002bb8   Section      824  btod.o(CL$$btod_div_common)
    CL$$btod_e2d                             0x00002ef0   Section       84  btod.o(CL$$btod_e2d)
    CL$$btod_e2e                             0x00002f44   Section      198  btod.o(CL$$btod_e2e)
    CL$$btod_ediv                            0x0000300a   Section       40  btod.o(CL$$btod_ediv)
    CL$$btod_edivd                           0x00003032   Section       40  btod.o(CL$$btod_edivd)
    CL$$btod_emul                            0x0000305a   Section       40  btod.o(CL$$btod_emul)
    CL$$btod_emuld                           0x00003082   Section       40  btod.o(CL$$btod_emuld)
    CL$$btod_mult_common                     0x000030aa   Section      580  btod.o(CL$$btod_mult_common)
    i.__ARM_fpclassify                       0x000032ee   Section        0  fpclassify.o(i.__ARM_fpclassify)
    i.__hardfp_atan                          0x00003320   Section        0  atan.o(i.__hardfp_atan)
    i.__hardfp_atan2                         0x00003608   Section        0  atan2.o(i.__hardfp_atan2)
    i.__hardfp_atof                          0x000037e8   Section        0  atof.o(i.__hardfp_atof)
    i.__hardfp_cos                           0x00003820   Section        0  cos.o(i.__hardfp_cos)
    i.__hardfp_ldexp                         0x000038f8   Section        0  ldexp.o(i.__hardfp_ldexp)
    i.__hardfp_pow                           0x000039e0   Section        0  pow.o(i.__hardfp_pow)
    i.__hardfp_sin                           0x00004670   Section        0  sin.o(i.__hardfp_sin)
    i.__hardfp_sqrt                          0x00004748   Section        0  sqrt.o(i.__hardfp_sqrt)
    i.__ieee754_rem_pio2                     0x000047c8   Section        0  rred.o(i.__ieee754_rem_pio2)
    i.__kernel_cos                           0x00004c20   Section        0  cos_i.o(i.__kernel_cos)
    i.__kernel_poly                          0x00004d90   Section        0  poly.o(i.__kernel_poly)
    i.__kernel_sin                           0x00004e88   Section        0  sin_i.o(i.__kernel_sin)
    i.__mathlib_dbl_underflow                0x00004fb8   Section        0  dunder.o(i.__mathlib_dbl_underflow)
    i.__mathlib_narrow                       0x00004fd8   Section        0  narrow.o(i.__mathlib_narrow)
    i.__support_ldexp                        0x00005090   Section        0  ldexp.o(i.__support_ldexp)
    i._is_digit                              0x000050a4   Section        0  __printf_wp.o(i._is_digit)
    i.atan                                   0x000050b2   Section        0  atan.o(i.atan)
    i.fabs                                   0x000050c2   Section        0  fabs.o(i.fabs)
    i.frexp                                  0x000050e8   Section        0  frexp.o(i.frexp)
    i.sqrt                                   0x00005184   Section        0  sqrt.o(i.sqrt)
    locale$$code                             0x000051f4   Section       44  lc_numeric_c.o(locale$$code)
    locale$$code                             0x00005220   Section       44  lc_ctype_c.o(locale$$code)
    x$fpl$basic                              0x0000524c   Section       24  basic.o(x$fpl$basic)
    $v0                                      0x0000524c   Number         0  basic.o(x$fpl$basic)
    x$fpl$d2f                                0x00005264   Section       98  d2f.o(x$fpl$d2f)
    $v0                                      0x00005264   Number         0  d2f.o(x$fpl$d2f)
    x$fpl$dadd                               0x000052c8   Section      336  daddsub_clz.o(x$fpl$dadd)
    $v0                                      0x000052c8   Number         0  daddsub_clz.o(x$fpl$dadd)
    _dadd1                                   0x000052d9   Thumb Code     0  daddsub_clz.o(x$fpl$dadd)
    x$fpl$dcheck1                            0x00005418   Section       16  dcheck1.o(x$fpl$dcheck1)
    $v0                                      0x00005418   Number         0  dcheck1.o(x$fpl$dcheck1)
    x$fpl$dcmpinf                            0x00005428   Section       24  dcmpi.o(x$fpl$dcmpinf)
    $v0                                      0x00005428   Number         0  dcmpi.o(x$fpl$dcmpinf)
    x$fpl$ddiv                               0x00005440   Section      688  ddiv.o(x$fpl$ddiv)
    $v0                                      0x00005440   Number         0  ddiv.o(x$fpl$ddiv)
    ddiv_entry                               0x00005447   Thumb Code     0  ddiv.o(x$fpl$ddiv)
    x$fpl$deqf                               0x000056f0   Section      120  deqf.o(x$fpl$deqf)
    $v0                                      0x000056f0   Number         0  deqf.o(x$fpl$deqf)
    x$fpl$dfix                               0x00005768   Section       94  dfix.o(x$fpl$dfix)
    $v0                                      0x00005768   Number         0  dfix.o(x$fpl$dfix)
    x$fpl$dfixu                              0x000057c8   Section       90  dfixu.o(x$fpl$dfixu)
    $v0                                      0x000057c8   Number         0  dfixu.o(x$fpl$dfixu)
    x$fpl$dflt                               0x00005822   Section       46  dflt_clz.o(x$fpl$dflt)
    $v0                                      0x00005822   Number         0  dflt_clz.o(x$fpl$dflt)
    x$fpl$dfltu                              0x00005850   Section       38  dflt_clz.o(x$fpl$dfltu)
    $v0                                      0x00005850   Number         0  dflt_clz.o(x$fpl$dfltu)
    x$fpl$dleqf                              0x00005878   Section      120  dleqf.o(x$fpl$dleqf)
    $v0                                      0x00005878   Number         0  dleqf.o(x$fpl$dleqf)
    x$fpl$dmul                               0x000058f0   Section      340  dmul.o(x$fpl$dmul)
    $v0                                      0x000058f0   Number         0  dmul.o(x$fpl$dmul)
    x$fpl$dnaninf                            0x00005a44   Section      156  dnaninf.o(x$fpl$dnaninf)
    $v0                                      0x00005a44   Number         0  dnaninf.o(x$fpl$dnaninf)
    x$fpl$dretinf                            0x00005ae0   Section       12  dretinf.o(x$fpl$dretinf)
    $v0                                      0x00005ae0   Number         0  dretinf.o(x$fpl$dretinf)
    x$fpl$drleqf                             0x00005aec   Section      108  drleqf.o(x$fpl$drleqf)
    $v0                                      0x00005aec   Number         0  drleqf.o(x$fpl$drleqf)
    x$fpl$drsb                               0x00005b58   Section       22  daddsub_clz.o(x$fpl$drsb)
    $v0                                      0x00005b58   Number         0  daddsub_clz.o(x$fpl$drsb)
    x$fpl$dsqrt                              0x00005b70   Section      408  dsqrt_umaal.o(x$fpl$dsqrt)
    $v0                                      0x00005b70   Number         0  dsqrt_umaal.o(x$fpl$dsqrt)
    x$fpl$dsub                               0x00005d08   Section      468  daddsub_clz.o(x$fpl$dsub)
    $v0                                      0x00005d08   Number         0  daddsub_clz.o(x$fpl$dsub)
    _dsub1                                   0x00005d19   Thumb Code     0  daddsub_clz.o(x$fpl$dsub)
    x$fpl$f2d                                0x00005edc   Section       86  f2d.o(x$fpl$f2d)
    $v0                                      0x00005edc   Number         0  f2d.o(x$fpl$f2d)
    x$fpl$fnaninf                            0x00005f32   Section      140  fnaninf.o(x$fpl$fnaninf)
    $v0                                      0x00005f32   Number         0  fnaninf.o(x$fpl$fnaninf)
    x$fpl$fpinit                             0x00005fbe   Section       10  fpinit.o(x$fpl$fpinit)
    $v0                                      0x00005fbe   Number         0  fpinit.o(x$fpl$fpinit)
    x$fpl$fretinf                            0x00005fc8   Section       10  fretinf.o(x$fpl$fretinf)
    $v0                                      0x00005fc8   Number         0  fretinf.o(x$fpl$fretinf)
    x$fpl$printf1                            0x00005fd2   Section        4  printf1.o(x$fpl$printf1)
    $v0                                      0x00005fd2   Number         0  printf1.o(x$fpl$printf1)
    x$fpl$retnan                             0x00005fd6   Section      100  retnan.o(x$fpl$retnan)
    $v0                                      0x00005fd6   Number         0  retnan.o(x$fpl$retnan)
    x$fpl$scalbn                             0x0000603a   Section       92  scalbn.o(x$fpl$scalbn)
    $v0                                      0x0000603a   Number         0  scalbn.o(x$fpl$scalbn)
    x$fpl$scanf1                             0x00006096   Section        4  scanf1.o(x$fpl$scanf1)
    $v0                                      0x00006096   Number         0  scanf1.o(x$fpl$scanf1)
    x$fpl$scanf2                             0x0000609a   Section        8  scanf2.o(x$fpl$scanf2)
    $v0                                      0x0000609a   Number         0  scanf2.o(x$fpl$scanf2)
    x$fpl$trapveneer                         0x000060a2   Section       48  trapv.o(x$fpl$trapveneer)
    $v0                                      0x000060a2   Number         0  trapv.o(x$fpl$trapveneer)
    x$fpl$usenofp                            0x000060d2   Section        0  usenofp.o(x$fpl$usenofp)
    .constdata                               0x000060d8   Section      136  pow.o(.constdata)
    bp                                       0x000060d8   Data          16  pow.o(.constdata)
    dp_h                                     0x000060e8   Data          16  pow.o(.constdata)
    dp_l                                     0x000060f8   Data          16  pow.o(.constdata)
    L                                        0x00006108   Data          48  pow.o(.constdata)
    P                                        0x00006138   Data          40  pow.o(.constdata)
    .constdata                               0x00006160   Section      152  atan.o(.constdata)
    atanhi                                   0x00006160   Data          32  atan.o(.constdata)
    atanlo                                   0x00006180   Data          32  atan.o(.constdata)
    aTodd                                    0x000061a0   Data          40  atan.o(.constdata)
    aTeven                                   0x000061c8   Data          48  atan.o(.constdata)
    .constdata                               0x000061f8   Section       48  cos_i.o(.constdata)
    C                                        0x000061f8   Data          48  cos_i.o(.constdata)
    .constdata                               0x00006228   Section        8  qnan.o(.constdata)
    .constdata                               0x00006230   Section      200  rred.o(.constdata)
    pio2s                                    0x00006230   Data          48  rred.o(.constdata)
    twooverpi                                0x00006260   Data         152  rred.o(.constdata)
    .constdata                               0x000062f8   Section       40  sin_i.o(.constdata)
    S                                        0x000062f8   Data          40  sin_i.o(.constdata)
    .constdata                               0x00006320   Section      148  bigflt0.o(.constdata)
    tenpwrs_x                                0x00006320   Data          60  bigflt0.o(.constdata)
    tenpwrs_i                                0x0000635c   Data          64  bigflt0.o(.constdata)
    c$$dinf                                  0x000063d4   Section        8  fpconst.o(c$$dinf)
    locale$$data                             0x000063dc   Section       28  lc_numeric_c.o(locale$$data)
    __lcnum_c_name                           0x000063e0   Data           2  lc_numeric_c.o(locale$$data)
    __lcnum_c_start                          0x000063e8   Data           0  lc_numeric_c.o(locale$$data)
    __lcnum_c_point                          0x000063f4   Data           0  lc_numeric_c.o(locale$$data)
    __lcnum_c_thousands                      0x000063f6   Data           0  lc_numeric_c.o(locale$$data)
    __lcnum_c_grouping                       0x000063f7   Data           0  lc_numeric_c.o(locale$$data)
    locale$$data                             0x000063f8   Section      272  lc_ctype_c.o(locale$$data)
    __lcnum_c_end                            0x000063f8   Data           0  lc_numeric_c.o(locale$$data)
    __lcctype_c_name                         0x000063fc   Data           2  lc_ctype_c.o(locale$$data)
    __lcctype_c_start                        0x00006404   Data           0  lc_ctype_c.o(locale$$data)
    __lcctype_c_end                          0x00006508   Data           0  lc_ctype_c.o(locale$$data)
    .data                                    0x20000000   Section       32  main.o(.data)
    .data                                    0x20000020   Section        1  gps.o(.data)
    Local_u8UART_InitFlag                    0x20000020   Data           1  gps.o(.data)
    .bss                                     0x20000024   Section       96  libspace.o(.bss)
    HEAP                                     0x20000088   Section        0  startup_tm4c123.o(HEAP)
    STACK                                    0x20000088   Section      512  startup_tm4c123.o(STACK)
    Heap_Mem                                 0x20000088   Data           0  startup_tm4c123.o(HEAP)
    Stack_Mem                                0x20000088   Data         512  startup_tm4c123.o(STACK)
    __initial_sp                             0x20000288   Data           0  startup_tm4c123.o(STACK)

    Global Symbols

    Symbol Name                              Value     Ov Type        Size  Object(Section)

    BuildAttributes$$THM_ISAv4$E$P$D$K$B$S$7EM$VFPi3$EXTD16$VFPS$VFMA$PE$A:L22UL41UL21$X:L11$S22US41US21$IEEE1$IW$USESV6$~STKCKD$USESV7$~SHL$OTIME$ROPI$IEEEX$EBA8$UX$STANDARDLIB$REQ8$PRES8$EABIv2 0x00000000   Number         0  anon$$obj.o ABSOLUTE
    __ARM_use_no_argv                        0x00000000   Number         0  main.o ABSOLUTE
    __Vectors                                0x00000000   Data           4  startup_tm4c123.o(RESET)
    _printf_flags                            0x00000000   Number         0  printf_stubs.o ABSOLUTE
    _printf_return_value                     0x00000000   Number         0  printf_stubs.o ABSOLUTE
    _printf_sizespec                         0x00000000   Number         0  printf_stubs.o ABSOLUTE
    _printf_widthprec                        0x00000000   Number         0  printf_stubs.o ABSOLUTE
    __ARM_exceptions_init                     - Undefined Weak Reference
    __alloca_initialize                       - Undefined Weak Reference
    __cpp_initialize__aeabi_                  - Undefined Weak Reference
    __cxa_finalize                            - Undefined Weak Reference
    __sigvec_lookup                           - Undefined Weak Reference
    _atexit_init                              - Undefined Weak Reference
    _call_atexit_fns                          - Undefined Weak Reference
    _clock_init                               - Undefined Weak Reference
    _fp_trap_init                             - Undefined Weak Reference
    _fp_trap_shutdown                         - Undefined Weak Reference
    _get_lc_collate                           - Undefined Weak Reference
    _get_lc_monetary                          - Undefined Weak Reference
    _get_lc_time                              - Undefined Weak Reference
    _getenv_init                              - Undefined Weak Reference
    _handle_redirection                       - Undefined Weak Reference
    _init_alloc                               - Undefined Weak Reference
    _init_user_alloc                          - Undefined Weak Reference
    _initio                                   - Undefined Weak Reference
    _printf_post_padding                      - Undefined Weak Reference
    _printf_pre_padding                       - Undefined Weak Reference
    _rand_init                                - Undefined Weak Reference
    _signal_finish                            - Undefined Weak Reference
    _signal_init                              - Undefined Weak Reference
    _terminate_alloc                          - Undefined Weak Reference
    _terminate_user_alloc                     - Undefined Weak Reference
    _terminateio                              - Undefined Weak Reference
    __Vectors_End                            0x0000026c   Data           0  startup_tm4c123.o(RESET)
    __Vectors_Size                           0x0000026c   Number         0  startup_tm4c123.o ABSOLUTE
    __main                                   0x0000026d   Thumb Code     8  __main.o(!!!main)
    __scatterload                            0x00000275   Thumb Code     0  __scatter.o(!!!scatter)
    __scatterload_rt2                        0x00000275   Thumb Code    44  __scatter.o(!!!scatter)
    __scatterload_rt2_thumb_only             0x00000275   Thumb Code     0  __scatter.o(!!!scatter)
    __scatterload_null                       0x00000283   Thumb Code     0  __scatter.o(!!!scatter)
    __scatterload_copy                       0x000002a9   Thumb Code    26  __scatter_copy.o(!!handler_copy)
    __scatterload_zeroinit                   0x000002c5   Thumb Code    28  __scatter_zi.o(!!handler_zi)
    _printf_f                                0x000002e1   Thumb Code     0  _printf_f.o(.ARM.Collect$$_printf_percent$$00000003)
    _printf_percent                          0x000002e1   Thumb Code     0  _printf_percent.o(.ARM.Collect$$_printf_percent$$00000000)
    _printf_percent_end                      0x000002e7   Thumb Code     0  _printf_percent_end.o(.ARM.Collect$$_printf_percent$$00000017)
    __rt_lib_init                            0x000002eb   Thumb Code     0  libinit.o(.ARM.Collect$$libinit$$00000000)
    __rt_lib_init_fp_1                       0x000002ed   Thumb Code     0  libinit2.o(.ARM.Collect$$libinit$$00000001)
    __rt_lib_init_heap_1                     0x000002f1   Thumb Code     0  libinit2.o(.ARM.Collect$$libinit$$00000008)
    __rt_lib_init_lc_common                  0x000002f1   Thumb Code     0  libinit2.o(.ARM.Collect$$libinit$$0000000D)
    __rt_lib_init_rand_1                     0x000002f1   Thumb Code     0  libinit2.o(.ARM.Collect$$libinit$$0000000C)
    __rt_lib_init_user_alloc_1               0x000002f1   Thumb Code     0  libinit2.o(.ARM.Collect$$libinit$$0000000A)
    __rt_lib_init_lc_collate_1               0x000002f7   Thumb Code     0  libinit2.o(.ARM.Collect$$libinit$$0000000F)
    __rt_lib_init_lc_ctype_2                 0x000002f7   Thumb Code     0  libinit2.o(.ARM.Collect$$libinit$$00000010)
    __rt_lib_init_lc_ctype_1                 0x00000303   Thumb Code     0  libinit2.o(.ARM.Collect$$libinit$$00000011)
    __rt_lib_init_lc_monetary_1              0x00000303   Thumb Code     0  libinit2.o(.ARM.Collect$$libinit$$00000013)
    __rt_lib_init_lc_numeric_2               0x00000303   Thumb Code     0  libinit2.o(.ARM.Collect$$libinit$$00000014)
    __rt_lib_init_alloca_1                   0x0000030d   Thumb Code     0  libinit2.o(.ARM.Collect$$libinit$$0000002C)
    __rt_lib_init_argv_1                     0x0000030d   Thumb Code     0  libinit2.o(.ARM.Collect$$libinit$$0000002A)
    __rt_lib_init_atexit_1                   0x0000030d   Thumb Code     0  libinit2.o(.ARM.Collect$$libinit$$00000019)
    __rt_lib_init_clock_1                    0x0000030d   Thumb Code     0  libinit2.o(.ARM.Collect$$libinit$$0000001F)
    __rt_lib_init_cpp_1                      0x0000030d   Thumb Code     0  libinit2.o(.ARM.Collect$$libinit$$00000030)
    __rt_lib_init_exceptions_1               0x0000030d   Thumb Code     0  libinit2.o(.ARM.Collect$$libinit$$0000002E)
    __rt_lib_init_fp_trap_1                  0x0000030d   Thumb Code     0  libinit2.o(.ARM.Collect$$libinit$$0000001D)
    __rt_lib_init_getenv_1                   0x0000030d   Thumb Code     0  libinit2.o(.ARM.Collect$$libinit$$00000021)
    __rt_lib_init_lc_numeric_1               0x0000030d   Thumb Code     0  libinit2.o(.ARM.Collect$$libinit$$00000015)
    __rt_lib_init_lc_time_1                  0x0000030d   Thumb Code     0  libinit2.o(.ARM.Collect$$libinit$$00000017)
    __rt_lib_init_return                     0x0000030d   Thumb Code     0  libinit2.o(.ARM.Collect$$libinit$$00000031)
    __rt_lib_init_signal_1                   0x0000030d   Thumb Code     0  libinit2.o(.ARM.Collect$$libinit$$0000001B)
    __rt_lib_init_stdio_1                    0x0000030d   Thumb Code     0  libinit2.o(.ARM.Collect$$libinit$$00000023)
    __rt_lib_shutdown                        0x0000030f   Thumb Code     0  libshutdown.o(.ARM.Collect$$libshutdown$$00000000)
    __rt_lib_shutdown_fp_trap_1              0x00000311   Thumb Code     0  libshutdown2.o(.ARM.Collect$$libshutdown$$00000006)
    __rt_lib_shutdown_heap_1                 0x00000311   Thumb Code     0  libshutdown2.o(.ARM.Collect$$libshutdown$$0000000E)
    __rt_lib_shutdown_return                 0x00000311   Thumb Code     0  libshutdown2.o(.ARM.Collect$$libshutdown$$0000000F)
    __rt_lib_shutdown_signal_1               0x00000311   Thumb Code     0  libshutdown2.o(.ARM.Collect$$libshutdown$$00000009)
    __rt_lib_shutdown_stdio_1                0x00000311   Thumb Code     0  libshutdown2.o(.ARM.Collect$$libshutdown$$00000003)
    __rt_lib_shutdown_user_alloc_1           0x00000311   Thumb Code     0  libshutdown2.o(.ARM.Collect$$libshutdown$$0000000B)
    __rt_entry                               0x00000313   Thumb Code     0  rtentry.o(.ARM.Collect$$rtentry$$00000000)
    __rt_entry_presh_1                       0x00000313   Thumb Code     0  rtentry2.o(.ARM.Collect$$rtentry$$00000002)
    __rt_entry_sh                            0x00000313   Thumb Code     0  rtentry4.o(.ARM.Collect$$rtentry$$00000004)
    __rt_entry_li                            0x00000319   Thumb Code     0  rtentry2.o(.ARM.Collect$$rtentry$$0000000A)
    __rt_entry_postsh_1                      0x00000319   Thumb Code     0  rtentry2.o(.ARM.Collect$$rtentry$$00000009)
    __rt_entry_main                          0x0000031d   Thumb Code     0  rtentry2.o(.ARM.Collect$$rtentry$$0000000D)
    __rt_entry_postli_1                      0x0000031d   Thumb Code     0  rtentry2.o(.ARM.Collect$$rtentry$$0000000C)
    __rt_exit                                0x00000325   Thumb Code     0  rtexit.o(.ARM.Collect$$rtexit$$00000000)
    __rt_exit_ls                             0x00000327   Thumb Code     0  rtexit2.o(.ARM.Collect$$rtexit$$00000003)
    __rt_exit_prels_1                        0x00000327   Thumb Code     0  rtexit2.o(.ARM.Collect$$rtexit$$00000002)
    __rt_exit_exit                           0x0000032b   Thumb Code     0  rtexit2.o(.ARM.Collect$$rtexit$$00000004)
    Reset_Handler                            0x00000331   Thumb Code     4  startup_tm4c123.o(.text)
    NMI_Handler                              0x00000335   Thumb Code     2  startup_tm4c123.o(.text)
    HardFault_Handler                        0x00000337   Thumb Code     2  startup_tm4c123.o(.text)
    MemManage_Handler                        0x00000339   Thumb Code     2  startup_tm4c123.o(.text)
    BusFault_Handler                         0x0000033b   Thumb Code     2  startup_tm4c123.o(.text)
    UsageFault_Handler                       0x0000033d   Thumb Code     2  startup_tm4c123.o(.text)
    SVC_Handler                              0x0000033f   Thumb Code     2  startup_tm4c123.o(.text)
    DebugMon_Handler                         0x00000341   Thumb Code     2  startup_tm4c123.o(.text)
    PendSV_Handler                           0x00000343   Thumb Code     2  startup_tm4c123.o(.text)
    SysTick_Handler                          0x00000345   Thumb Code     2  startup_tm4c123.o(.text)
    GPIOA_Handler                            0x00000347   Thumb Code     2  startup_tm4c123.o(.text)
    GPIOB_Handler                            0x00000349   Thumb Code     2  startup_tm4c123.o(.text)
    GPIOC_Handler                            0x0000034b   Thumb Code     2  startup_tm4c123.o(.text)
    GPIOD_Handler                            0x0000034d   Thumb Code     2  startup_tm4c123.o(.text)
    GPIOE_Handler                            0x0000034f   Thumb Code     2  startup_tm4c123.o(.text)
    UART0_Handler                            0x00000351   Thumb Code     2  startup_tm4c123.o(.text)
    UART1_Handler                            0x00000353   Thumb Code     2  startup_tm4c123.o(.text)
    SSI0_Handler                             0x00000355   Thumb Code     2  startup_tm4c123.o(.text)
    I2C0_Handler                             0x00000357   Thumb Code     2  startup_tm4c123.o(.text)
    PMW0_FAULT_Handler                       0x00000359   Thumb Code     2  startup_tm4c123.o(.text)
    PWM0_0_Handler                           0x0000035b   Thumb Code     2  startup_tm4c123.o(.text)
    PWM0_1_Handler                           0x0000035d   Thumb Code     2  startup_tm4c123.o(.text)
    PWM0_2_Handler                           0x0000035f   Thumb Code     2  startup_tm4c123.o(.text)
    QEI0_Handler                             0x00000361   Thumb Code     2  startup_tm4c123.o(.text)
    ADC0SS0_Handler                          0x00000363   Thumb Code     2  startup_tm4c123.o(.text)
    ADC0SS1_Handler                          0x00000365   Thumb Code     2  startup_tm4c123.o(.text)
    ADC0SS2_Handler                          0x00000367   Thumb Code     2  startup_tm4c123.o(.text)
    ADC0SS3_Handler                          0x00000369   Thumb Code     2  startup_tm4c123.o(.text)
    WDT0_Handler                             0x0000036b   Thumb Code     2  startup_tm4c123.o(.text)
    TIMER0A_Handler                          0x0000036d   Thumb Code     2  startup_tm4c123.o(.text)
    TIMER0B_Handler                          0x0000036f   Thumb Code     2  startup_tm4c123.o(.text)
    TIMER1A_Handler                          0x00000371   Thumb Code     2  startup_tm4c123.o(.text)
    TIMER1B_Handler                          0x00000373   Thumb Code     2  startup_tm4c123.o(.text)
    TIMER2A_Handler                          0x00000375   Thumb Code     2  startup_tm4c123.o(.text)
    TIMER2B_Handler                          0x00000377   Thumb Code     2  startup_tm4c123.o(.text)
    COMP0_Handler                            0x00000379   Thumb Code     2  startup_tm4c123.o(.text)
    COMP1_Handler                            0x0000037b   Thumb Code     2  startup_tm4c123.o(.text)
    COMP2_Handler                            0x0000037d   Thumb Code     2  startup_tm4c123.o(.text)
    SYSCTL_Handler                           0x0000037f   Thumb Code     2  startup_tm4c123.o(.text)
    FLASH_Handler                            0x00000381   Thumb Code     2  startup_tm4c123.o(.text)
    GPIOF_Handler                            0x00000383   Thumb Code     2  startup_tm4c123.o(.text)
    GPIOG_Handler                            0x00000385   Thumb Code     2  startup_tm4c123.o(.text)
    GPIOH_Handler                            0x00000387   Thumb Code     2  startup_tm4c123.o(.text)
    UART2_Handler                            0x00000389   Thumb Code     2  startup_tm4c123.o(.text)
    SSI1_Handler                             0x0000038b   Thumb Code     2  startup_tm4c123.o(.text)
    TIMER3A_Handler                          0x0000038d   Thumb Code     2  startup_tm4c123.o(.text)
    TIMER3B_Handler                          0x0000038f   Thumb Code     2  startup_tm4c123.o(.text)
    I2C1_Handler                             0x00000391   Thumb Code     2  startup_tm4c123.o(.text)
    QEI1_Handler                             0x00000393   Thumb Code     2  startup_tm4c123.o(.text)
    CAN0_Handler                             0x00000395   Thumb Code     2  startup_tm4c123.o(.text)
    CAN1_Handler                             0x00000397   Thumb Code     2  startup_tm4c123.o(.text)
    CAN2_Handler                             0x00000399   Thumb Code     2  startup_tm4c123.o(.text)
    HIB_Handler                              0x0000039b   Thumb Code     2  startup_tm4c123.o(.text)
    USB0_Handler                             0x0000039d   Thumb Code     2  startup_tm4c123.o(.text)
    PWM0_3_Handler                           0x0000039f   Thumb Code     2  startup_tm4c123.o(.text)
    UDMA_Handler                             0x000003a1   Thumb Code     2  startup_tm4c123.o(.text)
    UDMAERR_Handler                          0x000003a3   Thumb Code     2  startup_tm4c123.o(.text)
    ADC1SS0_Handler                          0x000003a5   Thumb Code     2  startup_tm4c123.o(.text)
    ADC1SS1_Handler                          0x000003a7   Thumb Code     2  startup_tm4c123.o(.text)
    ADC1SS2_Handler                          0x000003a9   Thumb Code     2  startup_tm4c123.o(.text)
    ADC1SS3_Handler                          0x000003ab   Thumb Code     2  startup_tm4c123.o(.text)
    GPIOJ_Handler                            0x000003ad   Thumb Code     2  startup_tm4c123.o(.text)
    GPIOK_Handler                            0x000003af   Thumb Code     2  startup_tm4c123.o(.text)
    GPIOL_Handler                            0x000003b1   Thumb Code     2  startup_tm4c123.o(.text)
    SSI2_Handler                             0x000003b3   Thumb Code     2  startup_tm4c123.o(.text)
    SSI3_Handler                             0x000003b5   Thumb Code     2  startup_tm4c123.o(.text)
    UART3_Handler                            0x000003b7   Thumb Code     2  startup_tm4c123.o(.text)
    UART4_Handler                            0x000003b9   Thumb Code     2  startup_tm4c123.o(.text)
    UART5_Handler                            0x000003bb   Thumb Code     2  startup_tm4c123.o(.text)
    UART6_Handler                            0x000003bd   Thumb Code     2  startup_tm4c123.o(.text)
    UART7_Handler                            0x000003bf   Thumb Code     2  startup_tm4c123.o(.text)
    I2C2_Handler                             0x000003c1   Thumb Code     2  startup_tm4c123.o(.text)
    I2C3_Handler                             0x000003c3   Thumb Code     2  startup_tm4c123.o(.text)
    TIMER4A_Handler                          0x000003c5   Thumb Code     2  startup_tm4c123.o(.text)
    TIMER4B_Handler                          0x000003c7   Thumb Code     2  startup_tm4c123.o(.text)
    TIMER5A_Handler                          0x000003c9   Thumb Code     2  startup_tm4c123.o(.text)
    TIMER5B_Handler                          0x000003cb   Thumb Code     2  startup_tm4c123.o(.text)
    WTIMER0A_Handler                         0x000003cd   Thumb Code     2  startup_tm4c123.o(.text)
    WTIMER0B_Handler                         0x000003cf   Thumb Code     2  startup_tm4c123.o(.text)
    WTIMER1A_Handler                         0x000003d1   Thumb Code     2  startup_tm4c123.o(.text)
    WTIMER1B_Handler                         0x000003d3   Thumb Code     2  startup_tm4c123.o(.text)
    WTIMER2A_Handler                         0x000003d5   Thumb Code     2  startup_tm4c123.o(.text)
    WTIMER2B_Handler                         0x000003d7   Thumb Code     2  startup_tm4c123.o(.text)
    WTIMER3A_Handler                         0x000003d9   Thumb Code     2  startup_tm4c123.o(.text)
    WTIMER3B_Handler                         0x000003db   Thumb Code     2  startup_tm4c123.o(.text)
    WTIMER4A_Handler                         0x000003dd   Thumb Code     2  startup_tm4c123.o(.text)
    WTIMER4B_Handler                         0x000003df   Thumb Code     2  startup_tm4c123.o(.text)
    WTIMER5A_Handler                         0x000003e1   Thumb Code     2  startup_tm4c123.o(.text)
    WTIMER5B_Handler                         0x000003e3   Thumb Code     2  startup_tm4c123.o(.text)
    FPU_Handler                              0x000003e5   Thumb Code     2  startup_tm4c123.o(.text)
    I2C4_Handler                             0x000003e7   Thumb Code     2  startup_tm4c123.o(.text)
    I2C5_Handler                             0x000003e9   Thumb Code     2  startup_tm4c123.o(.text)
    GPIOM_Handler                            0x000003eb   Thumb Code     2  startup_tm4c123.o(.text)
    GPION_Handler                            0x000003ed   Thumb Code     2  startup_tm4c123.o(.text)
    QEI2_Handler                             0x000003ef   Thumb Code     2  startup_tm4c123.o(.text)
    GPIOP0_Handler                           0x000003f1   Thumb Code     2  startup_tm4c123.o(.text)
    GPIOP1_Handler                           0x000003f3   Thumb Code     2  startup_tm4c123.o(.text)
    GPIOP2_Handler                           0x000003f5   Thumb Code     2  startup_tm4c123.o(.text)
    GPIOP3_Handler                           0x000003f7   Thumb Code     2  startup_tm4c123.o(.text)
    GPIOP4_Handler                           0x000003f9   Thumb Code     2  startup_tm4c123.o(.text)
    GPIOP5_Handler                           0x000003fb   Thumb Code     2  startup_tm4c123.o(.text)
    GPIOP6_Handler                           0x000003fd   Thumb Code     2  startup_tm4c123.o(.text)
    GPIOP7_Handler                           0x000003ff   Thumb Code     2  startup_tm4c123.o(.text)
    GPIOQ0_Handler                           0x00000401   Thumb Code     2  startup_tm4c123.o(.text)
    GPIOQ1_Handler                           0x00000403   Thumb Code     2  startup_tm4c123.o(.text)
    GPIOQ2_Handler                           0x00000405   Thumb Code     2  startup_tm4c123.o(.text)
    GPIOQ3_Handler                           0x00000407   Thumb Code     2  startup_tm4c123.o(.text)
    GPIOQ4_Handler                           0x00000409   Thumb Code     2  startup_tm4c123.o(.text)
    GPIOQ5_Handler                           0x0000040b   Thumb Code     2  startup_tm4c123.o(.text)
    GPIOQ6_Handler                           0x0000040d   Thumb Code     2  startup_tm4c123.o(.text)
    GPIOQ7_Handler                           0x0000040f   Thumb Code     2  startup_tm4c123.o(.text)
    GPIOR_Handler                            0x00000411   Thumb Code     2  startup_tm4c123.o(.text)
    GPIOS_Handler                            0x00000413   Thumb Code     2  startup_tm4c123.o(.text)
    PMW1_0_Handler                           0x00000415   Thumb Code     2  startup_tm4c123.o(.text)
    PWM1_1_Handler                           0x00000417   Thumb Code     2  startup_tm4c123.o(.text)
    PWM1_2_Handler                           0x00000419   Thumb Code     2  startup_tm4c123.o(.text)
    PWM1_3_Handler                           0x0000041b   Thumb Code     2  startup_tm4c123.o(.text)
    PWM1_FAULT_Handler                       0x0000041d   Thumb Code     2  startup_tm4c123.o(.text)
    __user_initial_stackheap                 0x00000421   Thumb Code     0  startup_tm4c123.o(.text)
    main                                     0x0000043d   Thumb Code   524  main.o(.text)
    UART0_Init                               0x000006a9   Thumb Code   130  uart.o(.text)
    UART2_Init                               0x0000072b   Thumb Code   132  uart.o(.text)
    UART0_SendChar                           0x000007af   Thumb Code    18  uart.o(.text)
    UART0_SendString                         0x000007c1   Thumb Code    22  uart.o(.text)
    UART0_Recievechar                        0x000007d7   Thumb Code    20  uart.o(.text)
    UART0_RecieveString                      0x000007eb   Thumb Code    50  uart.o(.text)
    UART2_SendChar                           0x0000081d   Thumb Code    18  uart.o(.text)
    UART2_SendString                         0x0000082f   Thumb Code    22  uart.o(.text)
    UART2_Recievechar                        0x00000845   Thumb Code    20  uart.o(.text)
    UART2_RecieveString                      0x00000859   Thumb Code    50  uart.o(.text)
    PortF_Init                               0x000008ad   Thumb Code   174  gpio.o(.text)
    PortA_Init                               0x0000095b   Thumb Code    68  gpio.o(.text)
    PortB_Init                               0x0000099f   Thumb Code    68  gpio.o(.text)
    PortD_Init                               0x000009e3   Thumb Code    66  gpio.o(.text)
    PortE_Init                               0x00000a25   Thumb Code   148  gpio.o(.text)
    Set_vPinValue                            0x00000ab9   Thumb Code   432  gpio.o(.text)
    Get_Port_Value                           0x00000c69   Thumb Code   230  gpio.o(.text)
    Get_u8PinValue                           0x00000d4f   Thumb Code   280  gpio.o(.text)
    Set_vPortValue                           0x00000e67   Thumb Code   132  gpio.o(.text)
    Systick_Init                             0x00000f05   Thumb Code    24  systick.o(.text)
    Systick_Wait                             0x00000f1d   Thumb Code    36  systick.o(.text)
    delay                                    0x00000f41   Thumb Code    24  systick.o(.text)
    GPS_voidExtractCoordinates               0x00000f59   Thumb Code   464  gps.o(.text)
    GPS_voidReceiveSentence                  0x00001129   Thumb Code   168  gps.o(.text)
    LEDInit                                  0x000011ed   Thumb Code    34  led.o(.text)
    LED_On                                   0x0000120f   Thumb Code    66  led.o(.text)
    LED_Off                                  0x00001251   Thumb Code    66  led.o(.text)
    Button_Init                              0x000012a1   Thumb Code    46  push button.o(.text)
    Button_Pressed                           0x000012cf   Thumb Code    18  push button.o(.text)
    LCD_SendCommand                          0x000012ed   Thumb Code    60  lcd.o(.text)
    LCD_voidInit                             0x00001329   Thumb Code    52  lcd.o(.text)
    LCD_voidSendData                         0x0000135d   Thumb Code    60  lcd.o(.text)
    LCD_voidSendString                       0x00001399   Thumb Code    22  lcd.o(.text)
    ConvertFloatToStr                        0x000013af   Thumb Code    62  lcd.o(.text)
    Print_Distance_To_LCD                    0x000013ed   Thumb Code    44  lcd.o(.text)
    LCD_voidGoToXYPos                        0x00001419   Thumb Code    58  lcd.o(.text)
    Todegree                                 0x0000146d   Thumb Code    60  app.o(.text)
    ToRad                                    0x000014a9   Thumb Code   104  app.o(.text)
    Distance                                 0x00001511   Thumb Code   552  app.o(.text)
    EEPROM_Start                             0x0000175d   Thumb Code   110  eeprom.o(.text)
    eeprom_error_recovery                    0x000017cb   Thumb Code    20  eeprom.o(.text)
    EEPROM_Init                              0x000017df   Thumb Code    20  eeprom.o(.text)
    eeprom_write                             0x000017f3   Thumb Code    48  eeprom.o(.text)
    eeprom_read                              0x00001823   Thumb Code    38  eeprom.o(.text)
    __2sprintf                               0x00001855   Thumb Code    38  __2sprintf.o(.text)
    __printf                                 0x00001881   Thumb Code   104  __printf.o(.text)
    __aeabi_memclr4                          0x000018e9   Thumb Code     0  rt_memclr_w.o(.text)
    __aeabi_memclr8                          0x000018e9   Thumb Code     0  rt_memclr_w.o(.text)
    __rt_memclr_w                            0x000018e9   Thumb Code    78  rt_memclr_w.o(.text)
    _memset_w                                0x000018ed   Thumb Code     0  rt_memclr_w.o(.text)
    strcmp                                   0x00001939   Thumb Code   128  strcmpv7m.o(.text)
    __use_two_region_memory                  0x000019b9   Thumb Code     2  heapauxi.o(.text)
    __rt_heap_escrow$2region                 0x000019bb   Thumb Code     2  heapauxi.o(.text)
    __rt_heap_expand$2region                 0x000019bd   Thumb Code     2  heapauxi.o(.text)
    __read_errno                             0x000019bf   Thumb Code    10  _rserrno.o(.text)
    __set_errno                              0x000019c9   Thumb Code    12  _rserrno.o(.text)
    __lib_sel_fp_printf                      0x000019d5   Thumb Code     2  _printf_fp_dec.o(.text)
    _printf_fp_dec_real                      0x00001b81   Thumb Code   628  _printf_fp_dec.o(.text)
    _printf_char_common                      0x00001dff   Thumb Code    32  _printf_char_common.o(.text)
    _sputc                                   0x00001e25   Thumb Code    10  _sputc.o(.text)
    __strtod_int                             0x00001e6d   Thumb Code    88  strtod.o(.text)
    __rt_locale                              0x00001ed1   Thumb Code     8  rt_locale_intlibspace.o(.text)
    __aeabi_errno_addr                       0x00001ed9   Thumb Code     8  rt_errno_addr_intlibspace.o(.text)
    __errno$intlibspace                      0x00001ed9   Thumb Code     0  rt_errno_addr_intlibspace.o(.text)
    __rt_errno_addr$intlibspace              0x00001ed9   Thumb Code     0  rt_errno_addr_intlibspace.o(.text)
    _ll_udiv10                               0x00001ee1   Thumb Code   138  lludiv10.o(.text)
    isspace                                  0x00001f6b   Thumb Code    18  isspace.o(.text)
    _printf_fp_infnan                        0x00001f7d   Thumb Code   112  _printf_fp_infnan.o(.text)
    _sgetc                                   0x00001ffd   Thumb Code    30  _sgetc.o(.text)
    _sbackspace                              0x0000201b   Thumb Code    34  _sgetc.o(.text)
    _btod_etento                             0x0000203d   Thumb Code   222  bigflt0.o(.text)
    __user_libspace                          0x00002121   Thumb Code     8  libspace.o(.text)
    __user_perproc_libspace                  0x00002121   Thumb Code     0  libspace.o(.text)
    __user_perthread_libspace                0x00002121   Thumb Code     0  libspace.o(.text)
    __user_setup_stackheap                   0x00002129   Thumb Code    74  sys_stackheap_outer.o(.text)
    __rt_ctype_table                         0x00002175   Thumb Code    16  rt_ctype_table.o(.text)
    _scanf_really_real                       0x0000237d   Thumb Code   672  scanf_fp.o(.text)
    exit                                     0x00002629   Thumb Code    12  exit.o(.text)
    _scanf_really_hex_real                   0x00002635   Thumb Code   776  scanf_hexfp.o(.text)
    _scanf_really_infnan                     0x00002949   Thumb Code   298  scanf_infnan.o(.text)
    _sys_exit                                0x00002a85   Thumb Code     8  sys_exit.o(.text)
    __aeabi_llsl                             0x00002a91   Thumb Code     0  llshl.o(.text)
    _ll_shift_l                              0x00002a91   Thumb Code    38  llshl.o(.text)
    _chval                                   0x00002ab7   Thumb Code    28  _chval.o(.text)
    __I$use$semihosting                      0x00002ad3   Thumb Code     0  use_no_semi.o(.text)
    __use_no_semihosting_swi                 0x00002ad3   Thumb Code     2  use_no_semi.o(.text)
    __semihosting_library_function           0x00002ad5   Thumb Code     0  indicate_semi.o(.text)
    _btod_d2e                                0x00002ad5   Thumb Code    62  btod.o(CL$$btod_d2e)
    _d2e_denorm_low                          0x00002b13   Thumb Code    70  btod.o(CL$$btod_d2e_denorm_low)
    _d2e_norm_op1                            0x00002b59   Thumb Code    96  btod.o(CL$$btod_d2e_norm_op1)
    __btod_div_common                        0x00002bb9   Thumb Code   696  btod.o(CL$$btod_div_common)
    _e2d                                     0x00002ef1   Thumb Code    80  btod.o(CL$$btod_e2d)
    _e2e                                     0x00002f45   Thumb Code   198  btod.o(CL$$btod_e2e)
    _btod_ediv                               0x0000300b   Thumb Code    40  btod.o(CL$$btod_ediv)
    _btod_edivd                              0x00003033   Thumb Code    40  btod.o(CL$$btod_edivd)
    _btod_emul                               0x0000305b   Thumb Code    40  btod.o(CL$$btod_emul)
    _btod_emuld                              0x00003083   Thumb Code    40  btod.o(CL$$btod_emuld)
    __btod_mult_common                       0x000030ab   Thumb Code   580  btod.o(CL$$btod_mult_common)
    __ARM_fpclassify                         0x000032ef   Thumb Code    48  fpclassify.o(i.__ARM_fpclassify)
    __hardfp_atan                            0x00003321   Thumb Code   636  atan.o(i.__hardfp_atan)
    __hardfp_atan2                           0x00003609   Thumb Code   416  atan2.o(i.__hardfp_atan2)
    __hardfp_atof                            0x000037e9   Thumb Code    44  atof.o(i.__hardfp_atof)
    __hardfp_cos                             0x00003821   Thumb Code   200  cos.o(i.__hardfp_cos)
    __hardfp_ldexp                           0x000038f9   Thumb Code   216  ldexp.o(i.__hardfp_ldexp)
    __hardfp_pow                             0x000039e1   Thumb Code  3132  pow.o(i.__hardfp_pow)
    __hardfp_sin                             0x00004671   Thumb Code   200  sin.o(i.__hardfp_sin)
    __hardfp_sqrt                            0x00004749   Thumb Code   122  sqrt.o(i.__hardfp_sqrt)
    __ieee754_rem_pio2                       0x000047c9   Thumb Code   972  rred.o(i.__ieee754_rem_pio2)
    __kernel_cos                             0x00004c21   Thumb Code   322  cos_i.o(i.__kernel_cos)
    __kernel_poly                            0x00004d91   Thumb Code   248  poly.o(i.__kernel_poly)
    __kernel_sin                             0x00004e89   Thumb Code   280  sin_i.o(i.__kernel_sin)
    __mathlib_dbl_underflow                  0x00004fb9   Thumb Code    24  dunder.o(i.__mathlib_dbl_underflow)
    __mathlib_narrow                         0x00004fd9   Thumb Code   166  narrow.o(i.__mathlib_narrow)
    __support_ldexp                          0x00005091   Thumb Code    20  ldexp.o(i.__support_ldexp)
    _is_digit                                0x000050a5   Thumb Code    14  __printf_wp.o(i._is_digit)
    atan                                     0x000050b3   Thumb Code    16  atan.o(i.atan)
    fabs                                     0x000050c3   Thumb Code    32  fabs.o(i.fabs)
    frexp                                    0x000050e9   Thumb Code   134  frexp.o(i.frexp)
    sqrt                                     0x00005185   Thumb Code   110  sqrt.o(i.sqrt)
    _get_lc_numeric                          0x000051f5   Thumb Code    44  lc_numeric_c.o(locale$$code)
    _get_lc_ctype                            0x00005221   Thumb Code    44  lc_ctype_c.o(locale$$code)
    __aeabi_dneg                             0x0000524d   Thumb Code     0  basic.o(x$fpl$basic)
    _dneg                                    0x0000524d   Thumb Code     6  basic.o(x$fpl$basic)
    __aeabi_fneg                             0x00005253   Thumb Code     0  basic.o(x$fpl$basic)
    _fneg                                    0x00005253   Thumb Code     6  basic.o(x$fpl$basic)
    _dabs                                    0x00005259   Thumb Code     6  basic.o(x$fpl$basic)
    _fabs                                    0x0000525f   Thumb Code     6  basic.o(x$fpl$basic)
    __aeabi_d2f                              0x00005265   Thumb Code     0  d2f.o(x$fpl$d2f)
    _d2f                                     0x00005265   Thumb Code    98  d2f.o(x$fpl$d2f)
    __aeabi_dadd                             0x000052c9   Thumb Code     0  daddsub_clz.o(x$fpl$dadd)
    _dadd                                    0x000052c9   Thumb Code   332  daddsub_clz.o(x$fpl$dadd)
    __fpl_dcheck_NaN1                        0x00005419   Thumb Code    10  dcheck1.o(x$fpl$dcheck1)
    __fpl_dcmp_Inf                           0x00005429   Thumb Code    24  dcmpi.o(x$fpl$dcmpinf)
    __aeabi_ddiv                             0x00005441   Thumb Code     0  ddiv.o(x$fpl$ddiv)
    _ddiv                                    0x00005441   Thumb Code   552  ddiv.o(x$fpl$ddiv)
    __aeabi_cdcmpeq                          0x000056f1   Thumb Code     0  deqf.o(x$fpl$deqf)
    _dcmpeq                                  0x000056f1   Thumb Code   120  deqf.o(x$fpl$deqf)
    __aeabi_d2iz                             0x00005769   Thumb Code     0  dfix.o(x$fpl$dfix)
    _dfix                                    0x00005769   Thumb Code    94  dfix.o(x$fpl$dfix)
    __aeabi_d2uiz                            0x000057c9   Thumb Code     0  dfixu.o(x$fpl$dfixu)
    _dfixu                                   0x000057c9   Thumb Code    90  dfixu.o(x$fpl$dfixu)
    __aeabi_i2d                              0x00005823   Thumb Code     0  dflt_clz.o(x$fpl$dflt)
    _dflt                                    0x00005823   Thumb Code    46  dflt_clz.o(x$fpl$dflt)
    __aeabi_ui2d                             0x00005851   Thumb Code     0  dflt_clz.o(x$fpl$dfltu)
    _dfltu                                   0x00005851   Thumb Code    38  dflt_clz.o(x$fpl$dfltu)
    __aeabi_cdcmple                          0x00005879   Thumb Code     0  dleqf.o(x$fpl$dleqf)
    _dcmple                                  0x00005879   Thumb Code   120  dleqf.o(x$fpl$dleqf)
    __fpl_dcmple_InfNaN                      0x000058db   Thumb Code     0  dleqf.o(x$fpl$dleqf)
    __aeabi_dmul                             0x000058f1   Thumb Code     0  dmul.o(x$fpl$dmul)
    _dmul                                    0x000058f1   Thumb Code   332  dmul.o(x$fpl$dmul)
    __fpl_dnaninf                            0x00005a45   Thumb Code   156  dnaninf.o(x$fpl$dnaninf)
    __fpl_dretinf                            0x00005ae1   Thumb Code    12  dretinf.o(x$fpl$dretinf)
    __aeabi_cdrcmple                         0x00005aed   Thumb Code     0  drleqf.o(x$fpl$drleqf)
    _drcmple                                 0x00005aed   Thumb Code   108  drleqf.o(x$fpl$drleqf)
    __aeabi_drsub                            0x00005b59   Thumb Code     0  daddsub_clz.o(x$fpl$drsb)
    _drsb                                    0x00005b59   Thumb Code    22  daddsub_clz.o(x$fpl$drsb)
    _dsqrt                                   0x00005b71   Thumb Code   404  dsqrt_umaal.o(x$fpl$dsqrt)
    __aeabi_dsub                             0x00005d09   Thumb Code     0  daddsub_clz.o(x$fpl$dsub)
    _dsub                                    0x00005d09   Thumb Code   464  daddsub_clz.o(x$fpl$dsub)
    __aeabi_f2d                              0x00005edd   Thumb Code     0  f2d.o(x$fpl$f2d)
    _f2d                                     0x00005edd   Thumb Code    86  f2d.o(x$fpl$f2d)
    __fpl_fnaninf                            0x00005f33   Thumb Code   140  fnaninf.o(x$fpl$fnaninf)
    _fp_init                                 0x00005fbf   Thumb Code    10  fpinit.o(x$fpl$fpinit)
    __fplib_config_fpu_vfp                   0x00005fc7   Thumb Code     0  fpinit.o(x$fpl$fpinit)
    __fplib_config_pureend_doubles           0x00005fc7   Thumb Code     0  fpinit.o(x$fpl$fpinit)
    __fpl_fretinf                            0x00005fc9   Thumb Code    10  fretinf.o(x$fpl$fretinf)
    _printf_fp_dec                           0x00005fd3   Thumb Code     4  printf1.o(x$fpl$printf1)
    __fpl_return_NaN                         0x00005fd7   Thumb Code   100  retnan.o(x$fpl$retnan)
    __ARM_scalbn                             0x0000603b   Thumb Code    92  scalbn.o(x$fpl$scalbn)
    _scanf_real                              0x00006097   Thumb Code     4  scanf1.o(x$fpl$scanf1)
    _scanf_hex_real                          0x0000609b   Thumb Code     4  scanf2.o(x$fpl$scanf2)
    _scanf_infnan                            0x0000609f   Thumb Code     4  scanf2.o(x$fpl$scanf2)
    __fpl_cmpreturn                          0x000060a3   Thumb Code    48  trapv.o(x$fpl$trapveneer)
    __I$use$fp                               0x000060d2   Number         0  usenofp.o(x$fpl$usenofp)
    __mathlib_zero                           0x00006228   Data           8  qnan.o(.constdata)
    Region$$Table$$Base                      0x000063b4   Number         0  anon$$obj.o(Region$$Table)
    Region$$Table$$Limit                     0x000063d4   Number         0  anon$$obj.o(Region$$Table)
    __aeabi_HUGE_VAL                         0x000063d4   Data           0  fpconst.o(c$$dinf)
    __aeabi_HUGE_VALL                        0x000063d4   Data           0  fpconst.o(c$$dinf)
    __aeabi_INFINITY                         0x000063d4   Data           0  fpconst.o(c$$dinf)
    __dInf                                   0x000063d4   Data           0  fpconst.o(c$$dinf)
    __huge_val                               0x000063d4   Data           0  fpconst.o(c$$dinf)
    __ctype                                  0x00006405   Data           0  lc_ctype_c.o(locale$$data)
    command                                  0x20000000   Data           3  main.o(.data)
    longStart                                0x20000004   Data           4  main.o(.data)
    latStart                                 0x20000008   Data           4  main.o(.data)
    longEnd                                  0x2000000c   Data           4  main.o(.data)
    latEnd                                   0x20000010   Data           4  main.o(.data)
    GPS_u8SpeedArr                           0x20000014   Data           5  main.o(.data)
    push_button                              0x20000019   Data           1  main.o(.data)
    address                                  0x2000001c   Data           4  main.o(.data)
    __libspace_start                         0x20000024   Data          96  libspace.o(.bss)
    __temporary_stack_top$libspace           0x20000084   Data           0  libspace.o(.bss)



==============================================================================

Memory Map of the image

  Image Entry point : 0x00000331

  Load Region LR_1 (Base: 0x00000000, Size: 0x0000652c, Max: 0xffffffff, ABSOLUTE)

    Execution Region ER_RO (Base: 0x00000000, Size: 0x00006508, Max: 0xffffffff, ABSOLUTE)

    Base Addr    Size         Type   Attr      Idx    E Section Name        Object

    0x00000000   0x0000026c   Data   RO            3    RESET               startup_tm4c123.o
    0x0000026c   0x00000008   Code   RO          379  * !!!main             c_w.l(__main.o)
    0x00000274   0x00000034   Code   RO          820    !!!scatter          c_w.l(__scatter.o)
    0x000002a8   0x0000001a   Code   RO          822    !!handler_copy      c_w.l(__scatter_copy.o)
    0x000002c2   0x00000002   PAD
    0x000002c4   0x0000001c   Code   RO          824    !!handler_zi        c_w.l(__scatter_zi.o)
    0x000002e0   0x00000000   Code   RO          372    .ARM.Collect$$_printf_percent$$00000000  c_w.l(_printf_percent.o)
    0x000002e0   0x00000006   Code   RO          371    .ARM.Collect$$_printf_percent$$00000003  c_w.l(_printf_f.o)
    0x000002e6   0x00000004   Code   RO          480    .ARM.Collect$$_printf_percent$$00000017  c_w.l(_printf_percent_end.o)
    0x000002ea   0x00000002   Code   RO          640    .ARM.Collect$$libinit$$00000000  c_w.l(libinit.o)
    0x000002ec   0x00000004   Code   RO          641    .ARM.Collect$$libinit$$00000001  c_w.l(libinit2.o)
    0x000002f0   0x00000000   Code   RO          645    .ARM.Collect$$libinit$$00000008  c_w.l(libinit2.o)
    0x000002f0   0x00000000   Code   RO          647    .ARM.Collect$$libinit$$0000000A  c_w.l(libinit2.o)
    0x000002f0   0x00000000   Code   RO          649    .ARM.Collect$$libinit$$0000000C  c_w.l(libinit2.o)
    0x000002f0   0x00000006   Code   RO          650    .ARM.Collect$$libinit$$0000000D  c_w.l(libinit2.o)
    0x000002f6   0x00000000   Code   RO          652    .ARM.Collect$$libinit$$0000000F  c_w.l(libinit2.o)
    0x000002f6   0x0000000c   Code   RO          653    .ARM.Collect$$libinit$$00000010  c_w.l(libinit2.o)
    0x00000302   0x00000000   Code   RO          654    .ARM.Collect$$libinit$$00000011  c_w.l(libinit2.o)
    0x00000302   0x00000000   Code   RO          656    .ARM.Collect$$libinit$$00000013  c_w.l(libinit2.o)
    0x00000302   0x0000000a   Code   RO          657    .ARM.Collect$$libinit$$00000014  c_w.l(libinit2.o)
    0x0000030c   0x00000000   Code   RO          658    .ARM.Collect$$libinit$$00000015  c_w.l(libinit2.o)
    0x0000030c   0x00000000   Code   RO          660    .ARM.Collect$$libinit$$00000017  c_w.l(libinit2.o)
    0x0000030c   0x00000000   Code   RO          662    .ARM.Collect$$libinit$$00000019  c_w.l(libinit2.o)
    0x0000030c   0x00000000   Code   RO          664    .ARM.Collect$$libinit$$0000001B  c_w.l(libinit2.o)
    0x0000030c   0x00000000   Code   RO          666    .ARM.Collect$$libinit$$0000001D  c_w.l(libinit2.o)
    0x0000030c   0x00000000   Code   RO          668    .ARM.Collect$$libinit$$0000001F  c_w.l(libinit2.o)
    0x0000030c   0x00000000   Code   RO          670    .ARM.Collect$$libinit$$00000021  c_w.l(libinit2.o)
    0x0000030c   0x00000000   Code   RO          672    .ARM.Collect$$libinit$$00000023  c_w.l(libinit2.o)
    0x0000030c   0x00000000   Code   RO          676    .ARM.Collect$$libinit$$0000002A  c_w.l(libinit2.o)
    0x0000030c   0x00000000   Code   RO          678    .ARM.Collect$$libinit$$0000002C  c_w.l(libinit2.o)
    0x0000030c   0x00000000   Code   RO          680    .ARM.Collect$$libinit$$0000002E  c_w.l(libinit2.o)
    0x0000030c   0x00000000   Code   RO          682    .ARM.Collect$$libinit$$00000030  c_w.l(libinit2.o)
    0x0000030c   0x00000002   Code   RO          683    .ARM.Collect$$libinit$$00000031  c_w.l(libinit2.o)
    0x0000030e   0x00000002   Code   RO          753    .ARM.Collect$$libshutdown$$00000000  c_w.l(libshutdown.o)
    0x00000310   0x00000000   Code   RO          781    .ARM.Collect$$libshutdown$$00000003  c_w.l(libshutdown2.o)
    0x00000310   0x00000000   Code   RO          784    .ARM.Collect$$libshutdown$$00000006  c_w.l(libshutdown2.o)
    0x00000310   0x00000000   Code   RO          787    .ARM.Collect$$libshutdown$$00000009  c_w.l(libshutdown2.o)
    0x00000310   0x00000000   Code   RO          789    .ARM.Collect$$libshutdown$$0000000B  c_w.l(libshutdown2.o)
    0x00000310   0x00000000   Code   RO          792    .ARM.Collect$$libshutdown$$0000000E  c_w.l(libshutdown2.o)
    0x00000310   0x00000002   Code   RO          793    .ARM.Collect$$libshutdown$$0000000F  c_w.l(libshutdown2.o)
    0x00000312   0x00000000   Code   RO          471    .ARM.Collect$$rtentry$$00000000  c_w.l(rtentry.o)
    0x00000312   0x00000000   Code   RO          550    .ARM.Collect$$rtentry$$00000002  c_w.l(rtentry2.o)
    0x00000312   0x00000006   Code   RO          562    .ARM.Collect$$rtentry$$00000004  c_w.l(rtentry4.o)
    0x00000318   0x00000000   Code   RO          552    .ARM.Collect$$rtentry$$00000009  c_w.l(rtentry2.o)
    0x00000318   0x00000004   Code   RO          553    .ARM.Collect$$rtentry$$0000000A  c_w.l(rtentry2.o)
    0x0000031c   0x00000000   Code   RO          555    .ARM.Collect$$rtentry$$0000000C  c_w.l(rtentry2.o)
    0x0000031c   0x00000008   Code   RO          556    .ARM.Collect$$rtentry$$0000000D  c_w.l(rtentry2.o)
    0x00000324   0x00000002   Code   RO          686    .ARM.Collect$$rtexit$$00000000  c_w.l(rtexit.o)
    0x00000326   0x00000000   Code   RO          715    .ARM.Collect$$rtexit$$00000002  c_w.l(rtexit2.o)
    0x00000326   0x00000004   Code   RO          716    .ARM.Collect$$rtexit$$00000003  c_w.l(rtexit2.o)
    0x0000032a   0x00000006   Code   RO          717    .ARM.Collect$$rtexit$$00000004  c_w.l(rtexit2.o)
    0x00000330   0x0000010c   Code   RO            4  * .text               startup_tm4c123.o
    0x0000043c   0x0000026c   Code   RO           59    .text               main.o
    0x000006a8   0x00000204   Code   RO          114    .text               uart.o
    0x000008ac   0x00000658   Code   RO          138    .text               gpio.o
    0x00000f04   0x00000054   Code   RO          162    .text               systick.o
    0x00000f58   0x00000294   Code   RO          183    .text               gps.o
    0x000011ec   0x000000b4   Code   RO          223    .text               led.o
    0x000012a0   0x0000004c   Code   RO          250    .text               push button.o
    0x000012ec   0x00000180   Code   RO          274    .text               lcd.o
    0x0000146c   0x000002f0   Code   RO          304    .text               app.o
    0x0000175c   0x000000f8   Code   RO          319    .text               eeprom.o
    0x00001854   0x0000002c   Code   RO          345    .text               c_w.l(__2sprintf.o)
    0x00001880   0x00000068   Code   RO          349    .text               c_w.l(__printf.o)
    0x000018e8   0x0000004e   Code   RO          373    .text               c_w.l(rt_memclr_w.o)
    0x00001936   0x00000002   PAD
    0x00001938   0x00000080   Code   RO          375    .text               c_w.l(strcmpv7m.o)
    0x000019b8   0x00000006   Code   RO          377    .text               c_w.l(heapauxi.o)
    0x000019be   0x00000016   Code   RO          472    .text               c_w.l(_rserrno.o)
    0x000019d4   0x00000420   Code   RO          474    .text               c_w.l(_printf_fp_dec.o)
    0x00001df4   0x00000030   Code   RO          476    .text               c_w.l(_printf_char_common.o)
    0x00001e24   0x0000000a   Code   RO          478    .text               c_w.l(_sputc.o)
    0x00001e2e   0x00000002   PAD
    0x00001e30   0x000000a0   Code   RO          481    .text               c_w.l(strtod.o)
    0x00001ed0   0x00000008   Code   RO          567    .text               c_w.l(rt_locale_intlibspace.o)
    0x00001ed8   0x00000008   Code   RO          572    .text               c_w.l(rt_errno_addr_intlibspace.o)
    0x00001ee0   0x0000008a   Code   RO          574    .text               c_w.l(lludiv10.o)
    0x00001f6a   0x00000012   Code   RO          576    .text               c_w.l(isspace.o)
    0x00001f7c   0x00000080   Code   RO          578    .text               c_w.l(_printf_fp_infnan.o)
    0x00001ffc   0x00000040   Code   RO          582    .text               c_w.l(_sgetc.o)
    0x0000203c   0x000000e4   Code   RO          584    .text               c_w.l(bigflt0.o)
    0x00002120   0x00000008   Code   RO          624    .text               c_w.l(libspace.o)
    0x00002128   0x0000004a   Code   RO          627    .text               c_w.l(sys_stackheap_outer.o)
    0x00002172   0x00000002   PAD
    0x00002174   0x00000010   Code   RO          629    .text               c_w.l(rt_ctype_table.o)
    0x00002184   0x000004a4   Code   RO          631    .text               c_w.l(scanf_fp.o)
    0x00002628   0x0000000c   Code   RO          633    .text               c_w.l(exit.o)
    0x00002634   0x00000314   Code   RO          721    .text               c_w.l(scanf_hexfp.o)
    0x00002948   0x0000013c   Code   RO          723    .text               c_w.l(scanf_infnan.o)
    0x00002a84   0x0000000c   Code   RO          739    .text               c_w.l(sys_exit.o)
    0x00002a90   0x00000026   Code   RO          743    .text               c_w.l(llshl.o)
    0x00002ab6   0x0000001c   Code   RO          745    .text               c_w.l(_chval.o)
    0x00002ad2   0x00000002   Code   RO          770    .text               c_w.l(use_no_semi.o)
    0x00002ad4   0x00000000   Code   RO          772    .text               c_w.l(indicate_semi.o)
    0x00002ad4   0x0000003e   Code   RO          587    CL$$btod_d2e        c_w.l(btod.o)
    0x00002b12   0x00000046   Code   RO          589    CL$$btod_d2e_denorm_low  c_w.l(btod.o)
    0x00002b58   0x00000060   Code   RO          588    CL$$btod_d2e_norm_op1  c_w.l(btod.o)
    0x00002bb8   0x00000338   Code   RO          597    CL$$btod_div_common  c_w.l(btod.o)
    0x00002ef0   0x00000054   Code   RO          595    CL$$btod_e2d        c_w.l(btod.o)
    0x00002f44   0x000000c6   Code   RO          594    CL$$btod_e2e        c_w.l(btod.o)
    0x0000300a   0x00000028   Code   RO          591    CL$$btod_ediv       c_w.l(btod.o)
    0x00003032   0x00000028   Code   RO          593    CL$$btod_edivd      c_w.l(btod.o)
    0x0000305a   0x00000028   Code   RO          590    CL$$btod_emul       c_w.l(btod.o)
    0x00003082   0x00000028   Code   RO          592    CL$$btod_emuld      c_w.l(btod.o)
    0x000030aa   0x00000244   Code   RO          596    CL$$btod_mult_common  c_w.l(btod.o)
    0x000032ee   0x00000030   Code   RO          533    i.__ARM_fpclassify  m_wm.l(fpclassify.o)
    0x0000331e   0x00000002   PAD
    0x00003320   0x000002e8   Code   RO          508    i.__hardfp_atan     m_wm.l(atan.o)
    0x00003608   0x000001e0   Code   RO          403    i.__hardfp_atan2    m_wm.l(atan2.o)
    0x000037e8   0x00000038   Code   RO          415    i.__hardfp_atof     m_wm.l(atof.o)
    0x00003820   0x000000d8   Code   RO          421    i.__hardfp_cos      m_wm.l(cos.o)
    0x000038f8   0x000000e8   Code   RO          754    i.__hardfp_ldexp    m_wm.l(ldexp.o)
    0x000039e0   0x00000c90   Code   RO          433    i.__hardfp_pow      m_wm.l(pow.o)
    0x00004670   0x000000d8   Code   RO          447    i.__hardfp_sin      m_wm.l(sin.o)
    0x00004748   0x0000007a   Code   RO          459    i.__hardfp_sqrt     m_wm.l(sqrt.o)
    0x000047c2   0x00000006   PAD
    0x000047c8   0x00000458   Code   RO          538    i.__ieee754_rem_pio2  m_wm.l(rred.o)
    0x00004c20   0x00000170   Code   RO          522    i.__kernel_cos      m_wm.l(cos_i.o)
    0x00004d90   0x000000f8   Code   RO          535    i.__kernel_poly     m_wm.l(poly.o)
    0x00004e88   0x00000130   Code   RO          543    i.__kernel_sin      m_wm.l(sin_i.o)
    0x00004fb8   0x00000020   Code   RO          525    i.__mathlib_dbl_underflow  m_wm.l(dunder.o)
    0x00004fd8   0x000000b8   Code   RO          707    i.__mathlib_narrow  m_wm.l(narrow.o)
    0x00005090   0x00000014   Code   RO          756    i.__support_ldexp   m_wm.l(ldexp.o)
    0x000050a4   0x0000000e   Code   RO          361    i._is_digit         c_w.l(__printf_wp.o)
    0x000050b2   0x00000010   Code   RO          510    i.atan              m_wm.l(atan.o)
    0x000050c2   0x00000020   Code   RO          529    i.fabs              m_wm.l(fabs.o)
    0x000050e2   0x00000006   PAD
    0x000050e8   0x0000009c   Code   RO          733    i.frexp             m_wm.l(frexp.o)
    0x00005184   0x0000006e   Code   RO          461    i.sqrt              m_wm.l(sqrt.o)
    0x000051f2   0x00000002   PAD
    0x000051f4   0x0000002c   Code   RO          610    locale$$code        c_w.l(lc_numeric_c.o)
    0x00005220   0x0000002c   Code   RO          689    locale$$code        c_w.l(lc_ctype_c.o)
    0x0000524c   0x00000018   Code   RO          483    x$fpl$basic         fz_wm.l(basic.o)
    0x00005264   0x00000062   Code   RO          381    x$fpl$d2f           fz_wm.l(d2f.o)
    0x000052c6   0x00000002   PAD
    0x000052c8   0x00000150   Code   RO          383    x$fpl$dadd          fz_wm.l(daddsub_clz.o)
    0x00005418   0x00000010   Code   RO          612    x$fpl$dcheck1       fz_wm.l(dcheck1.o)
    0x00005428   0x00000018   Code   RO          614    x$fpl$dcmpinf       fz_wm.l(dcmpi.o)
    0x00005440   0x000002b0   Code   RO          390    x$fpl$ddiv          fz_wm.l(ddiv.o)
    0x000056f0   0x00000078   Code   RO          729    x$fpl$deqf          fz_wm.l(deqf.o)
    0x00005768   0x0000005e   Code   RO          616    x$fpl$dfix          fz_wm.l(dfix.o)
    0x000057c6   0x00000002   PAD
    0x000057c8   0x0000005a   Code   RO          393    x$fpl$dfixu         fz_wm.l(dfixu.o)
    0x00005822   0x0000002e   Code   RO          486    x$fpl$dflt          fz_wm.l(dflt_clz.o)
    0x00005850   0x00000026   Code   RO          485    x$fpl$dfltu         fz_wm.l(dflt_clz.o)
    0x00005876   0x00000002   PAD
    0x00005878   0x00000078   Code   RO          491    x$fpl$dleqf         fz_wm.l(dleqf.o)
    0x000058f0   0x00000154   Code   RO          397    x$fpl$dmul          fz_wm.l(dmul.o)
    0x00005a44   0x0000009c   Code   RO          493    x$fpl$dnaninf       fz_wm.l(dnaninf.o)
    0x00005ae0   0x0000000c   Code   RO          495    x$fpl$dretinf       fz_wm.l(dretinf.o)
    0x00005aec   0x0000006c   Code   RO          497    x$fpl$drleqf        fz_wm.l(drleqf.o)
    0x00005b58   0x00000016   Code   RO          384    x$fpl$drsb          fz_wm.l(daddsub_clz.o)
    0x00005b6e   0x00000002   PAD
    0x00005b70   0x00000198   Code   RO          499    x$fpl$dsqrt         fz_wm.l(dsqrt_umaal.o)
    0x00005d08   0x000001d4   Code   RO          385    x$fpl$dsub          fz_wm.l(daddsub_clz.o)
    0x00005edc   0x00000056   Code   RO          399    x$fpl$f2d           fz_wm.l(f2d.o)
    0x00005f32   0x0000008c   Code   RO          501    x$fpl$fnaninf       fz_wm.l(fnaninf.o)
    0x00005fbe   0x0000000a   Code   RO          696    x$fpl$fpinit        fz_wm.l(fpinit.o)
    0x00005fc8   0x0000000a   Code   RO          503    x$fpl$fretinf       fz_wm.l(fretinf.o)
    0x00005fd2   0x00000004   Code   RO          401    x$fpl$printf1       fz_wm.l(printf1.o)
    0x00005fd6   0x00000064   Code   RO          684    x$fpl$retnan        fz_wm.l(retnan.o)
    0x0000603a   0x0000005c   Code   RO          505    x$fpl$scalbn        fz_wm.l(scalbn.o)
    0x00006096   0x00000004   Code   RO          622    x$fpl$scanf1        fz_wm.l(scanf1.o)
    0x0000609a   0x00000008   Code   RO          698    x$fpl$scanf2        fz_wm.l(scanf2.o)
    0x000060a2   0x00000030   Code   RO          704    x$fpl$trapveneer    fz_wm.l(trapv.o)
    0x000060d2   0x00000000   Code   RO          507    x$fpl$usenofp       fz_wm.l(usenofp.o)
    0x000060d2   0x00000006   PAD
    0x000060d8   0x00000088   Data   RO          436    .constdata          m_wm.l(pow.o)
    0x00006160   0x00000098   Data   RO          511    .constdata          m_wm.l(atan.o)
    0x000061f8   0x00000030   Data   RO          523    .constdata          m_wm.l(cos_i.o)
    0x00006228   0x00000008   Data   RO          537    .constdata          m_wm.l(qnan.o)
    0x00006230   0x000000c8   Data   RO          540    .constdata          m_wm.l(rred.o)
    0x000062f8   0x00000028   Data   RO          544    .constdata          m_wm.l(sin_i.o)
    0x00006320   0x00000094   Data   RO          585    .constdata          c_w.l(bigflt0.o)
    0x000063b4   0x00000020   Data   RO          818    Region$$Table       anon$$obj.o
    0x000063d4   0x00000008   Data   RO          693    c$$dinf             fz_wm.l(fpconst.o)
    0x000063dc   0x0000001c   Data   RO          609    locale$$data        c_w.l(lc_numeric_c.o)
    0x000063f8   0x00000110   Data   RO          688    locale$$data        c_w.l(lc_ctype_c.o)


    Execution Region ER_RW (Base: 0x20000000, Size: 0x00000024, Max: 0xffffffff, ABSOLUTE)

    Base Addr    Size         Type   Attr      Idx    E Section Name        Object

    0x20000000   0x00000020   Data   RW           61    .data               main.o
    0x20000020   0x00000001   Data   RW          184    .data               gps.o


    Execution Region ER_ZI (Base: 0x20000024, Size: 0x00000264, Max: 0xffffffff, ABSOLUTE)

    Base Addr    Size         Type   Attr      Idx    E Section Name        Object

    0x20000024   0x00000060   Zero   RW          625    .bss                c_w.l(libspace.o)
    0x20000084   0x00000004   PAD
    0x20000088   0x00000000   Zero   RW            2    HEAP                startup_tm4c123.o
    0x20000088   0x00000200   Zero   RW            1    STACK               startup_tm4c123.o


==============================================================================

Image component sizes


      Code (inc. data)   RO Data    RW Data    ZI Data      Debug   Object Name

       752         36          0          0          0       2114   app.o
       248         12          0          0          0       1974   eeprom.o
      1624        170          0          0          0       3412   gpio.o
       660         28          0          1          0       2858   gps.o
       384         26          0          0          0       2489   lcd.o
       180         14          0          0          0       1381   led.o
       620         96          0         32          0       2885   main.o
        76         12          0          0          0       1285   push button.o
       268         20        620          0        512       5392   startup_tm4c123.o
         0          0          0          0          0       1444   system_tm4c123.o
        84          0          0          0          0       1538   systick.o
       516         34          0          0          0       2944   uart.o

    ----------------------------------------------------------------------
      5412        448        652         36        512      29716   Object Totals
         0          0         32          0          0          0   (incl. Generated)
         0          0          0          3          0          0   (incl. Padding)

    ----------------------------------------------------------------------

      Code (inc. data)   RO Data    RW Data    ZI Data      Debug   Library Member Name

        44          6          0          0          0         84   __2sprintf.o
         8          0          0          0          0         68   __main.o
       104          0          0          0          0         84   __printf.o
        14          0          0          0          0         68   __printf_wp.o
        52          8          0          0          0          0   __scatter.o
        26          0          0          0          0          0   __scatter_copy.o
        28          0          0          0          0          0   __scatter_zi.o
        28          0          0          0          0         68   _chval.o
        48          6          0          0          0         96   _printf_char_common.o
         6          0          0          0          0          0   _printf_f.o
      1056          0          0          0          0        216   _printf_fp_dec.o
       128         16          0          0          0         84   _printf_fp_infnan.o
         0          0          0          0          0          0   _printf_percent.o
         4          0          0          0          0          0   _printf_percent_end.o
        22          0          0          0          0        100   _rserrno.o
        64          0          0          0          0         84   _sgetc.o
        10          0          0          0          0         68   _sputc.o
       228          6        148          0          0         96   bigflt0.o
      2074        132          0          0          0        940   btod.o
        12          0          0          0          0         72   exit.o
         6          0          0          0          0        152   heapauxi.o
         0          0          0          0          0          0   indicate_semi.o
        18          0          0          0          0         76   isspace.o
        44         10        272          0          0         76   lc_ctype_c.o
        44         10         28          0          0         76   lc_numeric_c.o
         2          0          0          0          0          0   libinit.o
        34          0          0          0          0          0   libinit2.o
         2          0          0          0          0          0   libshutdown.o
         2          0          0          0          0          0   libshutdown2.o
         8          4          0          0         96         68   libspace.o
        38          0          0          0          0         68   llshl.o
       138          0          0          0          0         80   lludiv10.o
        16          4          0          0          0         76   rt_ctype_table.o
         8          4          0          0          0         68   rt_errno_addr_intlibspace.o
         8          4          0          0          0         68   rt_locale_intlibspace.o
        78          0          0          0          0         80   rt_memclr_w.o
         0          0          0          0          0          0   rtentry.o
        12          0          0          0          0          0   rtentry2.o
         6          0          0          0          0          0   rtentry4.o
         2          0          0          0          0          0   rtexit.o
        10          0          0          0          0          0   rtexit2.o
      1188         12          0          0          0        148   scanf_fp.o
       788         12          0          0          0        100   scanf_hexfp.o
       316         18          0          0          0        100   scanf_infnan.o
       128          0          0          0          0         68   strcmpv7m.o
       160         12          0          0          0        120   strtod.o
        12          4          0          0          0         68   sys_exit.o
        74          0          0          0          0         80   sys_stackheap_outer.o
         2          0          0          0          0         68   use_no_semi.o
        24          0          0          0          0        164   basic.o
        98          4          0          0          0        140   d2f.o
       826         16          0          0          0        492   daddsub_clz.o
        16          4          0          0          0        116   dcheck1.o
        24          0          0          0          0        116   dcmpi.o
       688        140          0          0          0        256   ddiv.o
       120          4          0          0          0        140   deqf.o
        94          4          0          0          0        140   dfix.o
        90          4          0          0          0        140   dfixu.o
        84          0          0          0          0        232   dflt_clz.o
       120          4          0          0          0        140   dleqf.o
       340         12          0          0          0        152   dmul.o
       156          4          0          0          0        140   dnaninf.o
        12          0          0          0          0        116   dretinf.o
       108          0          0          0          0        128   drleqf.o
       408         56          0          0          0        168   dsqrt_umaal.o
        86          4          0          0          0        132   f2d.o
       140          4          0          0          0        132   fnaninf.o
         0          0          8          0          0          0   fpconst.o
        10          0          0          0          0        116   fpinit.o
        10          0          0          0          0        116   fretinf.o
         4          0          0          0          0        116   printf1.o
       100          0          0          0          0        116   retnan.o
        92          0          0          0          0        116   scalbn.o
         4          0          0          0          0        116   scanf1.o
         8          0          0          0          0        132   scanf2.o
        48          0          0          0          0        116   trapv.o
         0          0          0          0          0          0   usenofp.o
       760        108        152          0          0        344   atan.o
       480         64          0          0          0        156   atan2.o
        56         12          0          0          0        132   atof.o
       216         16          0          0          0        152   cos.o
       368         46         48          0          0        200   cos_i.o
        32          8          0          0          0        124   dunder.o
        32          0          0          0          0        124   fabs.o
        48          0          0          0          0        124   fpclassify.o
       156         22          0          0          0        132   frexp.o
       252         16          0          0          0        308   ldexp.o
       184         18          0          0          0        152   narrow.o
       248          0          0          0          0        152   poly.o
      3216        310        136          0          0        216   pow.o
         0          0          8          0          0          0   qnan.o
      1112        140        200          0          0        188   rred.o
       216         16          0          0          0        152   sin.o
       304         24         40          0          0        208   sin_i.o
       232          0          0          0          0        296   sqrt.o

    ----------------------------------------------------------------------
     18760       1328       1040          0        100      10916   Library Totals
        38          0          0          0          4          0   (incl. Padding)

    ----------------------------------------------------------------------

      Code (inc. data)   RO Data    RW Data    ZI Data      Debug   Library Name

      7100        268        448          0         96       3768   c_w.l
      3710        260          8          0          0       3988   fz_wm.l
      7912        800        584          0          0       3160   m_wm.l

    ----------------------------------------------------------------------
     18760       1328       1040          0        100      10916   Library Totals

    ----------------------------------------------------------------------

==============================================================================


      Code (inc. data)   RO Data    RW Data    ZI Data      Debug   

     24172       1776       1692         36        612      32148   Grand Totals
     24172       1776       1692         36        612      32148   ELF Image Totals
     24172       1776       1692         36          0          0   ROM Totals

==============================================================================

    Total RO  Size (Code + RO Data)                25864 (  25.26kB)
    Total RW  Size (RW Data + ZI Data)               648 (   0.63kB)
    Total ROM Size (Code + RO Data + RW Data)      25900 (  25.29kB)

==============================================================================

