<html>
<body>
<pre>
<h1>µVision Build Log</h1>
<h2>Project:</h2>
C:\Users\hp\Downloads\GPS-Tracking-System\GPS-Tracking-System.uvproj
Project File Date:  05/02/2024

<h2>Output:</h2>
Rebuild target 'Target 1'
assembling startup_TM4C123.s...
compiling system_TM4C123.c...
compiling Main.c...
compiling UART.c...
compiling GPIO.c...
src\MCAL\GPIO\GPIO.c(92): warning:  #186-D: pointless comparison of unsigned integer with zero
        if(((Port_ID>='A' && Port_ID<='F')||(Port_ID>='a' && Port_ID<='f'))&&((Pin_Number>=0)&&(Pin_Number<=7))&&((Pin_Value==0)||(Pin_Value==1)))
src\MCAL\GPIO\GPIO.c(134): warning:  #186-D: pointless comparison of unsigned integer with zero
                        if((Pin_Number>=0)&&(Pin_Number<=5)){
src\MCAL\GPIO\GPIO.c(147): warning:  #186-D: pointless comparison of unsigned integer with zero
                        if((Pin_Number>=0)&&(Pin_Number<=4)){
src\MCAL\GPIO\GPIO.c(216): warning:  #186-D: pointless comparison of unsigned integer with zero
                if(((port_name>='A' && port_name<='F')||(port_name>='a' && port_name<='f'))&&((pin_number>=0)&&(pin_number<=7))&&((pin_direction==0)||(pin_direction==1)))
src\MCAL\GPIO\GPIO.c(250): warning:  #186-D: pointless comparison of unsigned integer with zero
                        if((pin_number>=0)&&(pin_number<=5)){
src\MCAL\GPIO\GPIO.c(253): warning:  #68-D: integer conversion resulted in a change of sign
                                return -1;
src\MCAL\GPIO\GPIO.c(262): warning:  #186-D: pointless comparison of unsigned integer with zero
                        if((pin_number>=0)&&(pin_number<=4)){
src\MCAL\GPIO\GPIO.c(265): warning:  #68-D: integer conversion resulted in a change of sign
                                return -1;
src\MCAL\GPIO\GPIO.c(270): warning:  #68-D: integer conversion resulted in a change of sign
                        return -1;
src\MCAL\GPIO\GPIO.c(272): warning:  #68-D: integer conversion resulted in a change of sign
                return -1;
src\MCAL\GPIO\GPIO.c(327): warning:  #940-D: missing return statement at end of non-void function "Set_vPortValue"
        }       
src\MCAL\GPIO\GPIO.c(276): warning:  #550-D: variable "status" was set but never used
                u8 status=STD_TYPES_OK; // a variable to store the status of the function wether it's set the Port value or not
src\MCAL\GPIO\GPIO.c: 12 warnings, 0 errors
compiling Systick.c...
compiling GPS.c...
src\HAL\GPS\../../../Services/STD_TYPES.h(4): warning:  #47-D: incompatible redefinition of macro "NULL" (declared at line 56 of "C:\Keil\ARM\ARMCC\bin\..\include\Stdlib.h")
  #define NULL                          ((void *)0x00)
src\HAL\GPS\GPS.c(114): warning:  #1035-D: single-precision operand implicitly converted to double-precision
        Sec=Min/60.0;
src\HAL\GPS\GPS.c(121): warning:  #1035-D: single-precision operand implicitly converted to double-precision
        Sec=Min/60.0;
src\HAL\GPS\GPS.c: 3 warnings, 0 errors
compiling LED.c...
compiling Push button.c...
compiling LCD.c...
src\HAL\LCD\../../../Headers/MCAL/GPIO/../../../Services/STD_TYPES.h(4): warning:  #47-D: incompatible redefinition of macro "NULL" (declared at line 48 of "C:\Keil\ARM\ARMCC\bin\..\include\stdio.h")
  #define NULL                          ((void *)0x00)
src\HAL\LCD\LCD.c(100): warning:  #167-D: argument of type "u8 *" is incompatible with parameter of type "char *restrict"
        distance = sprintf((u8 *)str_distance, "Distance = %f", distance);
src\HAL\LCD\LCD.c: 2 warnings, 0 errors
compiling APP.c...
src\APP\APP.c(18): warning:  #1035-D: single-precision operand implicitly converted to double-precision
  return angle*M_PI/180;
src\APP\APP.c: 1 warning, 0 errors
linking...
Program Size: Code=14676 RO-data=1236 RW-data=8 ZI-data=608  
".\GPS-Tracking-System.axf" - 0 Error(s), 18 Warning(s).
</pre>
</body>
</html>
c(100): warning:  #167-D: argument of type "u8 *" is incompatible with parameter of type "char *restrict"
        distance = sprintf((u8 *)str_distance, "Distance = %f", distance);
src\HAL\LCD\LCD.c: 2 warnings, 0 errors
compiling APP.c...
src\APP\APP.c(18): warning:  #1035-D: single-precision operand implicitly converted to double-precision
  return angle*M_PI/180;
src\APP\APP.c: 1 warning, 0 errors
linking...
Program Size: Code=14676 RO-data=1236 RW-data=8 ZI-data=608  
".\GPS-Tracking-System.axf" - 0 Error(s), 24 Warning(s).
   ((void *)0x00)
src\HAL\LCD\LCD.c(100): warning:  #167-D: argument of type "u8 *" is incompatible with parameter of type "char *restrict"
        distance = sprintf((u8 *)str_distance, "Distance = %f", distance);
src\HAL\LCD\LCD.c: 2 warnings, 0 errors
compiling APP.c...
src\APP\APP.c(18): warning:  #1035-D: single-precision operand implicitly converted to double-precision
  return angle*M_PI/180;
src\APP\APP.c: 1 warning, 0 errors
linking...
Program Size: Code=14676 RO-data=1236 RW-data=8 ZI-data=608  
".\GPS-Tracking-System.axf" - 0 Error(s), 30 Warning(s).
warning:  #167-D: argument of type "u8 *" is incompatible with parameter of type "char *restrict"
        distance = sprintf((u8 *)str_distance, "Distance = %f", distance);
src\HAL\LCD\LCD.c: 2 warnings, 0 errors
compiling APP.c...
src\APP\APP.c(18): warning:  #1035-D: single-precision operand implicitly converted to double-precision
  return angle*M_PI/180;
src\APP\APP.c: 1 warning, 0 errors
linking...
Program Size: Code=14676 RO-data=1236 RW-data=8 ZI-data=608  
".\GPS-Tracking-System.axf" - 0 Error(s), 33 Warning(s).
icitly converted to double-precision
  return angle*M_PI/180;
src\APP\APP.c: 1 warning, 0 errors
linking...
Program Size: Code=14676 RO-data=1236 RW-data=8 ZI-data=608  
".\GPS-Tracking-System.axf" - 0 Error(s), 35 Warning(s).
AL\Push Button\Push button.c: 1 warning, 0 errors
compiling LCD.c...
src\HAL\LCD\../../../Headers/MCAL/GPIO/../../../Services/STD_TYPES.h(4): warning:  #47-D: incompatible redefinition of macro "NULL" (declared at line 48 of "C:\Keil\ARM\ARMCC\bin\..\include\stdio.h")
  #define NULL                          ((void *)0)
src\HAL\LCD\LCD.c(28): warning:  #223-D: function "PortE_Init" declared implicitly
        PortE_Init();
src\HAL\LCD\LCD.c(101): warning:  #167-D: argument of type "u8 *" is incompatible with parameter of type "char *restrict"
        distance = sprintf(str_distance, "Distance = %f", distance);
src\HAL\LCD\LCD.c(115): warning:  #1-D: last line of file ends without a newline
  }
src\HAL\LCD\LCD.c: 4 warnings, 0 errors
compiling APP.c...
src\APP\APP.c(18): warning:  #1035-D: single-precision operand implicitly converted to double-precision
  return angle*M_PI/180;
src\APP\APP.c: 1 warning, 0 errors
linking...
Program Size: Code=14676 RO-data=1236 RW-data=8 ZI-data=608  
".\GPS-Tracking-System.axf" - 0 Error(s), 43 Warning(s).
 ends without a newline
  #endif 
src\HAL\LED\../../../Headers/MCAL/GPIO/GPIO.h(13): warning:  #1295-D: Deprecated declaration PortF_Init - give arg types
  void PortF_Init();
src\HAL\LED\../../../Headers/MCAL/GPIO/GPIO.h(14): warning:  #1295-D: Deprecated declaration PortA_Init - give arg types
  void PortA_Init();
src\HAL\LED\../../../Headers/MCAL/GPIO/GPIO.h(15): warning:  #1295-D: Deprecated declaration PortB_Init - give arg types
  void PortB_Init();
src\HAL\LED\../../../Headers/MCAL/GPIO/GPIO.h(16): warning:  #1295-D: Deprecated declaration PortD_Init - give arg types
  void PortD_Init();
src\HAL\LED\../../../Headers/MCAL/GPIO/GPIO.h(17): warning:  #1295-D: Deprecated declaration PortE_init - give arg types
  void PortE_init();
src\HAL\LED\LED.c(41): warning:  #1-D: last line of file ends without a newline
        
src\HAL\LED\LED.c: 7 warnings, 0 errors
compiling Push button.c...
src\HAL\Push Button\../../../Headers/HAL/Push Button/Push button.h(13): warning:  #1-D: last line of file ends without a newline
  #endif 
src\HAL\Push Button\Push button.c: 1 warning, 0 errors
compiling LCD.c...
src\HAL\LCD\../../../Headers/MCAL/GPIO/../../../Services/STD_TYPES.h(4): warning:  #47-D: incompatible redefinition of macro "NULL" (declared at line 48 of "C:\Keil\ARM\ARMCC\bin\..\include\stdio.h")
  #define NULL                          ((void *)0)
src\HAL\LCD\../../../Headers/MCAL/GPIO/GPIO.h(13): warning:  #1295-D: Deprecated declaration PortF_Init - give arg types
  void PortF_Init();
src\HAL\LCD\../../../Headers/MCAL/GPIO/GPIO.h(14): warning:  #1295-D: Deprecated declaration PortA_Init - give arg types
  void PortA_Init();
src\HAL\LCD\../../../Headers/MCAL/GPIO/GPIO.h(15): warning:  #1295-D: Deprecated declaration PortB_Init - give arg types
  void PortB_Init();
src\HAL\LCD\../../../Headers/MCAL/GPIO/GPIO.h(16): warning:  #1295-D: Deprecated declaration PortD_Init - give arg types
  void PortD_Init();
src\HAL\LCD\../../../Headers/MCAL/GPIO/GPIO.h(17): warning:  #1295-D: Deprecated declaration PortE_init - give arg types
  void PortE_init();
src\HAL\LCD\LCD.c(28): warning:  #223-D: function "PortE_Init" declared implicitly
        PortE_Init();
src\HAL\LCD\LCD.c(101): warning:  #167-D: argument of type "u8 *" is incompatible with parameter of type "char *restrict"
        distance = sprintf(str_distance, "Distance = %f", distance);
src\HAL\LCD\LCD.c(115): warning:  #1-D: last line of file ends without a newline
  }
src\HAL\LCD\LCD.c: 9 warnings, 0 errors
compiling APP.c...
src\APP\APP.c(18): warning:  #1035-D: single-precision operand implicitly converted to double-precision
  return angle*M_PI/180;
src\APP\APP.c: 1 warning, 0 errors
linking...
Program Size: Code=14676 RO-data=1236 RW-data=8 ZI-data=608  
".\GPS-Tracking-System.axf" - 0 Error(s), 63 Warning(s).
g, 0 errors
linking...
Program Size: Code=14676 RO-data=1236 RW-data=8 ZI-data=608  
".\GPS-Tracking-System.axf" - 0 Error(s), 64 Warning(s).
rning:  #1-D: last line of file ends without a newline
  #endif 
src\HAL\LCD\LCD.c(28): warning:  #223-D: function "PortE_Init" declared implicitly
        PortE_Init();
src\HAL\LCD\LCD.c(101): warning:  #167-D: argument of type "u8 *" is incompatible with parameter of type "char *restrict"
        distance = sprintf(str_distance, "Distance = %f", distance);
src\HAL\LCD\LCD.c(115): warning:  #1-D: last line of file ends without a newline
  }
src\HAL\LCD\LCD.c: 13 warnings, 0 errors
compiling APP.c...
src\APP\APP.c(18): warning:  #1035-D: single-precision operand implicitly converted to double-precision
  return angle*M_PI/180;
src\APP\APP.c: 1 warning, 0 errors
linking...
Program Size: Code=14676 RO-data=1236 RW-data=8 ZI-data=608  
".\GPS-Tracking-System.axf" - 0 Error(s), 71 Warning(s).

O/GPIO.h(19): error:  #20: identifier "u8" is undefined
  u8 Get_u8PinValue(u8 port_name,u8 pin_number, u8 pin_direction);
src\HAL\LCD\../../../Headers/MCAL/GPIO/GPIO.h(20): error:  #20: identifier "u8" is undefined
  u8 Get_Port_Value(u8 Port_ID);
src\HAL\LCD\../../../Headers/MCAL/GPIO/GPIO.h(20): error:  #20: identifier "u8" is undefined
  u8 Get_Port_Value(u8 Port_ID);
src\HAL\LCD\../../../Headers/MCAL/GPIO/GPIO.h(22): warning:  #1-D: last line of file ends without a newline
  #endif
src\HAL\LCD\../../../Services/STD_TYPES.h(4): warning:  #47-D: incompatible redefinition of macro "NULL" (declared at line 48 of "C:\Keil\ARM\ARMCC\bin\..\include\stdio.h")
  #define NULL                          ((void *)0)
src\HAL\LCD\../../../Headers/HAL/LCD/LCD.h(34): warning:  #1295-D: Deprecated declaration LCD_voidInit - give arg types
  void LCD_voidInit();
src\HAL\LCD\../../../Headers/HAL/LCD/LCD.h(41): warning:  #1-D: last line of file ends without a newline
  #endif
src\HAL\LCD\../../../Headers/MCAL/SYSTICK/Systick.h(7): warning:  #1-D: last line of file ends without a newline
  #endif 
src\HAL\LCD\LCD.c(28): warning:  #223-D: function "PortE_Init" declared implicitly
        PortE_Init();
src\HAL\LCD\LCD.c(101): warning:  #167-D: argument of type "u8 *" is incompatible with parameter of type "char *restrict"
        distance = sprintf(str_distance, "Distance = %f", distance);
src\HAL\LCD\LCD.c(116): warning:  #1-D: last line of file ends without a newline
  }
src\HAL\LCD\LCD.c(113): warning:  #177-D: variable "str" was declared but never referenced
        u8 str[20];
src\HAL\LCD\LCD.c: 13 warnings, 13 errors
".\GPS-Tracking-System.axf" - 16 Error(s), 67 Warning(s).
Target not created
7 Warning(s).
Target not created
